Archive member included because of file (symbol)

c:/program files (x86)/atmel/atmel toolchain/avr8 gcc/native/3.4.1056/avr8-gnu-toolchain/bin/../lib/gcc/avr/4.8.1/avrxmega4\libgcc.a(_mulsi3.o)
                              src/shared.o (__mulsi3)
c:/program files (x86)/atmel/atmel toolchain/avr8 gcc/native/3.4.1056/avr8-gnu-toolchain/bin/../lib/gcc/avr/4.8.1/avrxmega4\libgcc.a(_divmodhi4.o)
                              src/configurations/keyboard_mouse.o (__divmodhi4)
c:/program files (x86)/atmel/atmel toolchain/avr8 gcc/native/3.4.1056/avr8-gnu-toolchain/bin/../lib/gcc/avr/4.8.1/avrxmega4\libgcc.a(_udivmodsi4.o)
                              src/RGB_LED.o (__udivmodsi4)
c:/program files (x86)/atmel/atmel toolchain/avr8 gcc/native/3.4.1056/avr8-gnu-toolchain/bin/../lib/gcc/avr/4.8.1/avrxmega4\libgcc.a(_divmodsi4.o)
                              src/joysticks.o (__divmodsi4)
c:/program files (x86)/atmel/atmel toolchain/avr8 gcc/native/3.4.1056/avr8-gnu-toolchain/bin/../lib/gcc/avr/4.8.1/avrxmega4\libgcc.a(_negsi2.o)
                              c:/program files (x86)/atmel/atmel toolchain/avr8 gcc/native/3.4.1056/avr8-gnu-toolchain/bin/../lib/gcc/avr/4.8.1/avrxmega4\libgcc.a(_divmodsi4.o) (__negsi2)
c:/program files (x86)/atmel/atmel toolchain/avr8 gcc/native/3.4.1056/avr8-gnu-toolchain/bin/../lib/gcc/avr/4.8.1/avrxmega4\libgcc.a(_exit.o)
                              c:/program files (x86)/atmel/atmel toolchain/avr8 gcc/native/3.4.1056/avr8-gnu-toolchain/bin/../lib/gcc/avr/4.8.1/../../../../avr/lib/avrxmega4/crtx64d3.o (exit)
c:/program files (x86)/atmel/atmel toolchain/avr8 gcc/native/3.4.1056/avr8-gnu-toolchain/bin/../lib/gcc/avr/4.8.1/avrxmega4\libgcc.a(_tablejump.o)
                              src/configurations.o (__tablejump2__)
c:/program files (x86)/atmel/atmel toolchain/avr8 gcc/native/3.4.1056/avr8-gnu-toolchain/bin/../lib/gcc/avr/4.8.1/avrxmega4\libgcc.a(_copy_data.o)
                              src/battery_charger.o (__do_copy_data)
c:/program files (x86)/atmel/atmel toolchain/avr8 gcc/native/3.4.1056/avr8-gnu-toolchain/bin/../lib/gcc/avr/4.8.1/avrxmega4\libgcc.a(_clear_bss.o)
                              src/analog.o (__do_clear_bss)
c:/program files (x86)/atmel/atmel toolchain/avr8 gcc/native/3.4.1056/avr8-gnu-toolchain/bin/../lib/gcc/avr/4.8.1/avrxmega4\libgcc.a(_mulhisi3.o)
                              src/joysticks.o (__mulhisi3)
c:/program files (x86)/atmel/atmel toolchain/avr8 gcc/native/3.4.1056/avr8-gnu-toolchain/bin/../lib/gcc/avr/4.8.1/avrxmega4\libgcc.a(_umulhisi3.o)
                              src/RGB_LED.o (__umulhisi3)
c:/program files (x86)/atmel/atmel toolchain/avr8 gcc/native/3.4.1056/avr8-gnu-toolchain/bin/../lib/gcc/avr/4.8.1/avrxmega4\libgcc.a(_usmulhisi3.o)
                              src/joysticks.o (__usmulhisi3)
c:/program files (x86)/atmel/atmel toolchain/avr8 gcc/native/3.4.1056/avr8-gnu-toolchain/bin/../lib/gcc/avr/4.8.1/avrxmega4\libgcc.a(_muluhisi3.o)
                              c:/program files (x86)/atmel/atmel toolchain/avr8 gcc/native/3.4.1056/avr8-gnu-toolchain/bin/../lib/gcc/avr/4.8.1/avrxmega4\libgcc.a(_mulsi3.o) (__muluhisi3)
c:/program files (x86)/atmel/atmel toolchain/avr8 gcc/native/3.4.1056/avr8-gnu-toolchain/bin/../lib/gcc/avr/4.8.1/avrxmega4\libgcc.a(_udivmodhi4.o)
                              c:/program files (x86)/atmel/atmel toolchain/avr8 gcc/native/3.4.1056/avr8-gnu-toolchain/bin/../lib/gcc/avr/4.8.1/avrxmega4\libgcc.a(_divmodhi4.o) (__udivmodhi4)
c:/program files (x86)/atmel/atmel toolchain/avr8 gcc/native/3.4.1056/avr8-gnu-toolchain/bin/../lib/gcc/avr/4.8.1/../../../../avr/lib/avrxmega4\libc.a(memchr.o)
                              src/configurations/keyboard.o (memchr)
c:/program files (x86)/atmel/atmel toolchain/avr8 gcc/native/3.4.1056/avr8-gnu-toolchain/bin/../lib/gcc/avr/4.8.1/../../../../avr/lib/avrxmega4\libc.a(memcpy.o)
                              src/asf/xmega/drivers/nvm/nvm.o (memcpy)
c:/program files (x86)/atmel/atmel toolchain/avr8 gcc/native/3.4.1056/avr8-gnu-toolchain/bin/../lib/gcc/avr/4.8.1/../../../../avr/lib/avrxmega4\libc.a(memset.o)
                              src/asf/common/services/clock/xmega/sysclk.o (memset)
c:/program files (x86)/atmel/atmel toolchain/avr8 gcc/native/3.4.1056/avr8-gnu-toolchain/bin/../lib/gcc/avr/4.8.1/../../../../avr/lib/avrxmega4\libc.a(strcmp.o)
                              src/comm.o (strcmp)
c:/program files (x86)/atmel/atmel toolchain/avr8 gcc/native/3.4.1056/avr8-gnu-toolchain/bin/../lib/gcc/avr/4.8.1/../../../../avr/lib/avrxmega4\libc.a(itoa_ncheck.o)
                              src/usb.o (__itoa_ncheck)
c:/program files (x86)/atmel/atmel toolchain/avr8 gcc/native/3.4.1056/avr8-gnu-toolchain/bin/../lib/gcc/avr/4.8.1/../../../../avr/lib/avrxmega4\libc.a(utoa_ncheck.o)
[...]
Memory Configuration

Name             Origin             Length             Attributes
text             0x00000000         0x00100000         xr
data             0x00802000         0x0000ffa0         rw !x
eeprom           0x00810000         0x00010000         rw !x
fuse             0x00820000         0x00000400         rw !x
lock             0x00830000         0x00000400         rw !x
signature        0x00840000         0x00000400         rw !x
user_signatures  0x00850000         0x00000400         rw !x
*default*        0x00000000         0xffffffff

Linker script and memory map

LOAD c:/program files (x86)/atmel/atmel toolchain/avr8 gcc/native/3.4.1056/avr8-gnu-toolchain/bin/../lib/gcc/avr/4.8.1/../../../../avr/lib/avrxmega4/crtx64d3.o
LOAD src/analog.o
LOAD src/asf/common/boards/user_board/init.o
LOAD src/battery_charger.o
LOAD src/bios.o
LOAD src/buttons.o
LOAD src/configurations/keyboard_ios.o
LOAD src/circular_buffer.o
LOAD src/comm.o
LOAD src/configurations.o
LOAD src/configurations/gamepad.o
LOAD src/configurations/j_stick.o
LOAD src/configurations/keyboard.o
LOAD src/configurations/keyboard_mouse.o
LOAD src/configurations/usb_serial.o
LOAD src/debug.o
LOAD src/drone_gamepad_config.o
LOAD src/drone_game_configurations.o
LOAD src/drone_ios_config.o
LOAD src/drone_joystick_config.o
LOAD src/drone_keyboard_config.o
LOAD src/drone_keyboard_mouse_config.o
LOAD src/joysticks.o
LOAD src/powerControl.o
LOAD src/RGB_LED.o
LOAD src/shared.o
LOAD src/strings.o
LOAD src/system_time.o
LOAD src/systick.o
LOAD src/usb.o
LOAD src/watchdog.o
LOAD src/asf/common/services/clock/xmega/sysclk.o
LOAD src/asf/common/services/ioport/xmega/ioport_compat.o
LOAD src/asf/common/services/serial/usart_serial.o
LOAD src/asf/common/services/sleepmgr/xmega/sleepmgr.o
LOAD src/asf/xmega/drivers/adc/adc.o
LOAD src/asf/xmega/drivers/adc/xmega_bcd/adc_bcd.o
LOAD src/asf/xmega/drivers/cpu/ccp.o
LOAD src/asf/xmega/drivers/nvm/nvm.o
LOAD src/asf/xmega/drivers/nvm/nvm_asm.o
LOAD src/asf/xmega/drivers/tc/tc.o
LOAD src/asf/xmega/drivers/usart/usart.o
LOAD src/asf/xmega/drivers/wdt/wdt.o
LOAD src/asf/xmega/services/pwm/pwm.o
LOAD src/bluetooth.o
LOAD src/main.o
START GROUP
END GROUP
START GROUP
LOAD c:/program files (x86)/atmel/atmel toolchain/avr8 gcc/native/3.4.1056/avr8-gnu-toolchain/bin/../lib/gcc/avr/4.8.1/avrxmega4\libgcc.a
LOAD c:/program files (x86)/atmel/atmel toolchain/avr8 gcc/native/3.4.1056/avr8-gnu-toolchain/bin/../lib/gcc/avr/4.8.1/../../../../avr/lib/avrxmega4\libm.a
LOAD c:/program files (x86)/atmel/atmel toolchain/avr8 gcc/native/3.4.1056/avr8-gnu-toolchain/bin/../lib/gcc/avr/4.8.1/../../../../avr/lib/avrxmega4\libc.a
END GROUP

.hash
 *(.hash)

.dynsym
 *(.dynsym)

.dynstr
 *(.dynstr)

.gnu.version
 *(.gnu.version)

.gnu.version_d
 *(.gnu.version_d)

.gnu.version_r
 *(.gnu.version_r)

.rel.init
 *(.rel.init)

.rela.init
 *(.rela.init)

.rel.text
 *(.rel.text)
 *(.rel.text.*)
 *(.rel.gnu.linkonce.t*)

.rela.text
 *(.rela.text)
 *(.rela.text.*)
 *(.rela.gnu.linkonce.t*)

.rel.fini
 *(.rel.fini)

.rela.fini
 *(.rela.fini)

.rel.rodata
 *(.rel.rodata)
 *(.rel.rodata.*)
 *(.rel.gnu.linkonce.r*)

.rela.rodata
 *(.rela.rodata)
 *(.rela.rodata.*)
 *(.rela.gnu.linkonce.r*)

.rel.data
 *(.rel.data)
 *(.rel.data.*)
 *(.rel.gnu.linkonce.d*)

.rela.data
 *(.rela.data)
 *(.rela.data.*)
 *(.rela.gnu.linkonce.d*)

.rel.ctors
 *(.rel.ctors)

.rela.ctors
 *(.rela.ctors)

.rel.dtors
 *(.rel.dtors)

.rela.dtors
 *(.rela.dtors)

.rel.got
 *(.rel.got)

.rela.got
 *(.rela.got)

.rel.bss
 *(.rel.bss)

.rela.bss
 *(.rela.bss)

.rel.plt
 *(.rel.plt)

.rela.plt
 *(.rela.plt)

.text           0x00000000     0x598c
 *(.vectors)
 .vectors       0x00000000      0x1c8 c:/program files (x86)/atmel/atmel toolchain/avr8 gcc/native/3.4.1056/avr8-gnu-toolchain/bin/../lib/gcc/avr/4.8.1/../../../../avr/lib/avrxmega4/crtx64d3.o
                0x00000000                __vector_default
                0x00000000                __vectors
 *(.vectors)
 *(.progmem.gcc*)
 .progmem.gcc_sw_table.displayWhichConfiguration
                0x000001c8       0x16 src/configurations.o
 .progmem.gcc_sw_table.whichConfiguration
                0x000001de       0x16 src/configurations.o
 .progmem.gcc_sw_table.ChangeButtonPressState
                0x000001f4        0xe src/configurations/keyboard.o
 .progmem.gcc_sw_table.changeButtonState
                0x00000202        0xe src/configurations/keyboard_mouse.o
                0x00000210                . = ALIGN (0x2)
                0x00000210                __trampolines_start = .
 *(.trampolines)
 .trampolines   0x00000210        0x0 linker stubs
 *(.trampolines*)
                0x00000210                __trampolines_end = .
 *(.progmem*)
 .progmem.data.debuguartinit
                0x00000210       0x12 src/strings.o
                0x00000210                debuguartinit
 .progmem.data.bad
                0x00000222        0x4 src/strings.o
                0x00000222                bad
 .progmem.data.good
                0x00000226        0x5 src/strings.o
                0x00000226                good
 .progmem.data.sleepmgr_configs
                0x0000022b        0x6 src/asf/common/services/sleepmgr/xmega/sleepmgr.o
                0x0000022b                sleepmgr_configs
                0x00000232                . = ALIGN (0x2)
 *fill*         0x00000231        0x1 
 *(.jumptables)
 *(.jumptables*)
 *(.lowtext)
 *(.lowtext*)
                0x00000232                __ctors_start = .
 *(.ctors)
                0x00000232                __ctors_end = .
                0x00000232                __dtors_start = .
 *(.dtors)
                0x00000232                __dtors_end = .
 SORT(*)(.ctors)
 SORT(*)(.dtors)
 *(.init0)
 .init0         0x00000232        0x0 c:/program files (x86)/atmel/atmel toolchain/avr8 gcc/native/3.4.1056/avr8-gnu-toolchain/bin/../lib/gcc/avr/4.8.1/../../../../avr/lib/avrxmega4/crtx64d3.o
                0x00000232                __init
 *(.init0)
 *(.init1)
 *(.init1)
 *(.init2)
 .init2         0x00000232        0xc c:/program files (x86)/atmel/atmel toolchain/avr8 gcc/native/3.4.1056/avr8-gnu-toolchain/bin/../lib/gcc/avr/4.8.1/../../../../avr/lib/avrxmega4/crtx64d3.o
 *(.init2)
 *(.init3)
 *(.init3)
 *(.init4)
 .init4         0x0000023e       0x1a c:/program files (x86)/atmel/atmel toolchain/avr8 gcc/native/3.4.1056/avr8-gnu-toolchain/bin/../lib/gcc/avr/4.8.1/avrxmega4\libgcc.a(_copy_data.o)
                0x0000023e                __do_copy_data
 .init4         0x00000258       0x10 c:/program files (x86)/atmel/atmel toolchain/avr8 gcc/native/3.4.1056/avr8-gnu-toolchain/bin/../lib/gcc/avr/4.8.1/avrxmega4\libgcc.a(_clear_bss.o)
                0x00000258                __do_clear_bss
 *(.init4)
 *(.init5)
 *(.init5)
 *(.init6)
 *(.init6)
 *(.init7)
 *(.init7)
 *(.init8)
 *(.init8)
 *(.init9)
 .init9         0x00000268        0x8 c:/program files (x86)/atmel/atmel toolchain/avr8 gcc/native/3.4.1056/avr8-gnu-toolchain/bin/../lib/gcc/avr/4.8.1/../../../../avr/lib/avrxmega4/crtx64d3.o
 *(.init9)
 *(.text)
 .text          0x00000270        0x2 c:/program files (x86)/atmel/atmel toolchain/avr8 gcc/native/3.4.1056/avr8-gnu-toolchain/bin/../lib/gcc/avr/4.8.1/../../../../avr/lib/avrxmega4/crtx64d3.o
                0x00000270                __vector_38
                0x00000270                __vector_63
                0x00000270                __vector_28
                0x00000270                __vector_67
                0x00000270                __vector_1
                0x00000270                __vector_32
                0x00000270                __vector_75
                0x00000270                __vector_71
                0x00000270                __vector_91
                0x00000270                __vector_34
                0x00000270                __vector_62
                0x00000270                __vector_102
                0x00000270                __vector_24
                0x00000270                __vector_12
                0x00000270                __vector_55
                0x00000270                __vector_69
                0x00000270                __vector_90
                0x00000270                __vector_46
                0x00000270                __bad_interrupt
                0x00000270                __vector_72
                0x00000270                __vector_6
                0x00000270                __vector_31
                0x00000270                __vector_92
                0x00000270                __vector_35
                0x00000270                __vector_74
                0x00000270                __vector_39
                0x00000270                __vector_107
                0x00000270                __vector_3
                0x00000270                __vector_105
                0x00000270                __vector_98
                0x00000270                __vector_68
                0x00000270                __vector_30
                0x00000270                __vector_73
                0x00000270                __vector_45
                0x00000270                __vector_93
                0x00000270                __vector_61
                0x00000270                __vector_11
                0x00000270                __vector_54
                0x00000270                __vector_99
                0x00000270                __vector_13
                0x00000270                __vector_56
                0x00000270                __vector_7
                0x00000270                __vector_41
                0x00000270                __vector_86
                0x00000270                __vector_100
                0x00000270                __vector_101
                0x00000270                __vector_64
                0x00000270                __vector_88
                0x00000270                __vector_43
                0x00000270                __vector_27
                0x00000270                __vector_5
                0x00000270                __vector_33
                0x00000270                __vector_76
                0x00000270                __vector_37
                0x00000270                __vector_95
                0x00000270                __vector_103
                0x00000270                __vector_96
                0x00000270                __vector_89
                0x00000270                __vector_4
                0x00000270                __vector_44
                0x00000270                __vector_106
                0x00000270                __vector_9
                0x00000270                __vector_66
                0x00000270                __vector_36
                0x00000270                __vector_58
                0x00000270                __vector_70
                0x00000270                __vector_83
                0x00000270                __vector_29
                0x00000270                __vector_60
                0x00000270                __vector_40
                0x00000270                __vector_85
                0x00000270                __vector_94
                0x00000270                __vector_8
                0x00000270                __vector_84
                0x00000270                __vector_57
                0x00000270                __vector_53
                0x00000270                __vector_10
                0x00000270                __vector_59
                0x00000270                __vector_97
                0x00000270                __vector_42
                0x00000270                __vector_87
                0x00000270                __vector_65
                0x00000272                . = ALIGN (0x2)
 *(.text.*)
 .text.setupAnalog
                0x00000272       0x3c src/analog.o
                0x00000272                setupAnalog
 .text.sampleAnalogChannel
                0x000002ae       0x5e src/analog.o
                0x000002ae                sampleAnalogChannel
 .text.enableAnalog
                0x0000030c        0x8 src/analog.o
                0x0000030c                enableAnalog
 .text.board_init
                0x00000314      0x26e src/asf/common/boards/user_board/init.o
                0x00000314                board_init
 .text.IsChargingDone
                0x00000582       0x2a src/battery_charger.o
                0x00000582                IsChargingDone
 .text.MaintainControllerStatus
                0x000005ac      0x108 src/battery_charger.o
                0x000005ac                MaintainControllerStatus
 .text.SetupChrgStatPinExternalInterrupt
                0x000006b4       0x2e src/battery_charger.o
                0x000006b4                SetupChrgStatPinExternalInterrupt
 .text.__vector_2
                0x000006e2       0x8e src/battery_charger.o
                0x000006e2                __vector_2
 .text.ManufactureTestButtonPress
                0x00000770      0x1da src/bios.o
                0x00000770                ManufactureTestButtonPress
 .text.biosMain
                0x0000094a       0x56 src/bios.o
                0x0000094a                biosMain
 .text.buttonActivated
                0x000009a0       0x4e src/buttons.o
                0x000009a0                buttonActivated
 .text.keyboardiOSInit
                0x000009ee        0xc src/configurations/keyboard_ios.o
                0x000009ee                keyboardiOSInit
 .text.keyboardiOSButtonHandler
                0x000009fa       0x8c src/configurations/keyboard_ios.o
                0x000009fa                keyboardiOSButtonHandler
 .text.initCB   0x00000a86       0x12 src/circular_buffer.o
                0x00000a86                initCB
 .text.addByteToCB
                0x00000a98       0x42 src/circular_buffer.o
                0x00000a98                addByteToCB
 .text.readByteFromCB
                0x00000ada       0x44 src/circular_buffer.o
                0x00000ada                readByteFromCB
 .text.readStringFromCB
                0x00000b1e       0xde src/circular_buffer.o
                0x00000b1e                readStringFromCB
 .text.commAG   0x00000bfc       0x5e src/comm.o
                0x00000bfc                commAG
 .text.commAC   0x00000c5a       0x5e src/comm.o
                0x00000c5a                commAC
 .text.commRG   0x00000cb8       0x68 src/comm.o
                0x00000cb8                commRG
 .text.commWG   0x00000d20       0x9e src/comm.o
                0x00000d20                commWG
 .text.commWC   0x00000dbe       0x90 src/comm.o
                0x00000dbe                commWC
 .text.commSG   0x00000e4e       0x16 src/comm.o
                0x00000e4e                commSG
 .text.commSC   0x00000e64       0x5a src/comm.o
                0x00000e64                commSC
 .text.commRS   0x00000ebe       0x24 src/comm.o
                0x00000ebe                commRS
 .text.commBL   0x00000ee2       0x1c src/comm.o
                0x00000ee2                commBL
 .text.commBU   0x00000efe       0x6c src/comm.o
                0x00000efe                commBU
 .text.commRC   0x00000f6a       0xba src/comm.o
                0x00000f6a                commRC
 .text.processComm
                0x00001024      0x21a src/comm.o
                0x00001024                processComm
 .text.readGlobalHeader
                0x0000123e        0xe src/configurations.o
                0x0000123e                readGlobalHeader
 .text.writeGlobalHeader
                0x0000124c        0xe src/configurations.o
                0x0000124c                writeGlobalHeader
 .text.readControllerConfig
                0x0000125a       0x12 src/configurations.o
                0x0000125a                readControllerConfig
 .text.writeControllerConfig
                0x0000126c       0x12 src/configurations.o
                0x0000126c                writeControllerConfig
 .text.loadConfiguration
                0x0000127e       0xde src/configurations.o
                0x0000127e                loadConfiguration
 .text.displayWhichConfiguration
                0x0000135c       0x50 src/configurations.o
                0x0000135c                displayWhichConfiguration
 .text.whichConfiguration
                0x000013ac       0xf4 src/configurations.o
                0x000013ac                whichConfiguration
 .text.gamepadInit
                0x000014a0       0x5a src/configurations/gamepad.o
                0x000014a0                gamepadInit
 .text.gamepadButtonHandler
                0x000014fa      0x29a src/configurations/gamepad.o
                0x000014fa                gamepadButtonHandler
 .text.gamepadJoystickHandler
                0x00001794       0xd8 src/configurations/gamepad.o
                0x00001794                gamepadJoystickHandler
 .text.GamepadSendReport
                0x0000186c       0x1c src/configurations/gamepad.o
                0x0000186c                GamepadSendReport
 .text.jStickInit
                0x00001888       0x5a src/configurations/j_stick.o
                0x00001888                jStickInit
 .text.jStickButtonHandler
                0x000018e2      0x268 src/configurations/j_stick.o
                0x000018e2                jStickButtonHandler
 .text.jStickJoystickHandler
                0x00001b4a       0xd8 src/configurations/j_stick.o
                0x00001b4a                jStickJoystickHandler
 .text.jStickSendReport
                0x00001c22       0x1c src/configurations/j_stick.o
                0x00001c22                jStickSendReport
 .text.keyboardInit
                0x00001c3e        0xc src/configurations/keyboard.o
                0x00001c3e                keyboardInit
 .text.ChangeButtonPressState
                0x00001c4a      0x2d0 src/configurations/keyboard.o
                0x00001c4a                ChangeButtonPressState
 .text.keyboardButtonHandler
                0x00001f1a        0x2 src/configurations/keyboard.o
                0x00001f1a                keyboardButtonHandler
 .text.keyboardJoystickHandler
                0x00001f1c      0x152 src/configurations/keyboard.o
                0x00001f1c                keyboardJoystickHandler
 .text.keyboardMouseInit
                0x0000206e       0x1a src/configurations/keyboard_mouse.o
                0x0000206e                keyboardMouseInit
 .text.changeButtonState
                0x00002088      0x2e6 src/configurations/keyboard_mouse.o
                0x00002088                changeButtonState
 .text.keyboadMouseButtonHandler
                0x0000236e        0x2 src/configurations/keyboard_mouse.o
                0x0000236e                keyboadMouseButtonHandler
 .text.keyboardMouseJoystickHandler
                0x00002370      0x23a src/configurations/keyboard_mouse.o
                0x00002370                keyboardMouseJoystickHandler
 .text.setupDbg
                0x000025aa       0xd6 src/debug.o
                0x000025aa                setupDbg
 .text.sendDBGChar
                0x00002680        0xa src/debug.o
                0x00002680                sendDBGChar
 .text.sendDBGString
                0x0000268a       0x24 src/debug.o
                0x0000268a                sendDBGString
 .text.sendDBGLine
                0x000026ae       0x36 src/debug.o
                0x000026ae                sendDBGLine
 .text.SimpleJoystickAdj
                0x000026e4       0x90 src/joysticks.o
                0x000026e4                SimpleJoystickAdj
 .text.AnalogJoystickAdj
                0x00002774      0x19c src/joysticks.o
                0x00002774                AnalogJoystickAdj
 .text.MouseJoystickAdj
                0x00002910      0x116 src/joysticks.o
                0x00002910                MouseJoystickAdj
 .text.powerOff
                0x00002a26       0x8c src/powerControl.o
                0x00002a26                powerOff
 .text.powerOn  0x00002ab2       0x74 src/powerControl.o
                0x00002ab2                powerOn
 .text.setupLEDs
                0x00002b26       0x52 src/RGB_LED.o
                0x00002b26                setupLEDs
 .text.setLEDValue
                0x00002b78      0x1aa src/RGB_LED.o
                0x00002b78                setLEDValue
 .text.getSystemTime
                0x00002d22       0x18 src/system_time.o
                0x00002d22                getSystemTime
 .text.tickSystemTime
                0x00002d3a       0x2e src/system_time.o
                0x00002d3a                tickSystemTime
 .text.startTimeout
                0x00002d68       0x32 src/system_time.o
                0x00002d68                startTimeout
 .text.checkTimeout
                0x00002d9a       0x5e src/system_time.o
                0x00002d9a                checkTimeout
 .text.cancelTimeout
                0x00002df8        0xc src/system_time.o
                0x00002df8                cancelTimeout
 .text.setupSysTick
                0x00002e04       0x62 src/systick.o
                0x00002e04                setupSysTick
 .text.enableSysTick
                0x00002e66        0x8 src/systick.o
                0x00002e66                enableSysTick
 .text.clearSysTickFlag
                0x00002e6e        0xc src/systick.o
                0x00002e6e                clearSysTickFlag
 .text.setupUsb
                0x00002e7a       0x56 src/usb.o
                0x00002e7a                setupUsb
 .text.sendUSBChar
                0x00002ed0       0x22 src/usb.o
                0x00002ed0                sendUSBChar
 .text.sendUSBString
                0x00002ef2       0x68 src/usb.o
                0x00002ef2                sendUSBString
 .text.sendUSBLine
                0x00002f5a       0x6e src/usb.o
                0x00002f5a                sendUSBLine
 .text.recvUSBString
                0x00002fc8        0xc src/usb.o
                0x00002fc8                recvUSBString
 .text.__vector_25
                0x00002fd4       0x76 src/usb.o
                0x00002fd4                __vector_25
 .text.__vector_26
                0x0000304a       0x80 src/usb.o
                0x0000304a                __vector_26
 .text.PrintXY  0x000030ca      0x100 src/usb.o
                0x000030ca                PrintXY
 .text.WatchdogInit
                0x000031ca        0xa src/watchdog.o
                0x000031ca                WatchdogInit
 .text.WatchdogPet
                0x000031d4        0xa src/watchdog.o
                0x000031d4                WatchdogPet
 .text.WatchdogValidate
                0x000031de       0x20 src/watchdog.o
                0x000031de                WatchdogValidate
 .text.WatchDogEnable
                0x000031fe        0xc src/watchdog.o
                0x000031fe                WatchDogEnable
 .text.WatchdogTaskRunning
                0x0000320a       0x26 src/watchdog.o
                0x0000320a                WatchdogTaskRunning
 .text.sysclk_init
                0x00003230       0x42 src/asf/common/services/clock/xmega/sysclk.o
                0x00003230                sysclk_init
 .text.sysclk_enable_module
                0x00003272       0x18 src/asf/common/services/clock/xmega/sysclk.o
                0x00003272                sysclk_enable_module
 .text.sysclk_disable_module
                0x0000328a       0x16 src/asf/common/services/clock/xmega/sysclk.o
                0x0000328a                sysclk_disable_module
 .text.adc_enable_clock
                0x000032a0       0x1e src/asf/xmega/drivers/adc/adc.o
                0x000032a0                adc_enable_clock
 .text.adc_disable_clock
                0x000032be       0x1c src/asf/xmega/drivers/adc/adc.o
                0x000032be                adc_disable_clock
 .text.adc_enable
                0x000032da       0x4c src/asf/xmega/drivers/adc/adc.o
                0x000032da                adc_enable
 .text.adc_write_configuration
                0x00003326       0x92 src/asf/xmega/drivers/adc/xmega_bcd/adc_bcd.o
                0x00003326                adc_write_configuration
 .text.adc_read_configuration
                0x000033b8       0x40 src/asf/xmega/drivers/adc/xmega_bcd/adc_bcd.o
                0x000033b8                adc_read_configuration
 .text.adcch_write_configuration
                0x000033f8       0x34 src/asf/xmega/drivers/adc/xmega_bcd/adc_bcd.o
                0x000033f8                adcch_write_configuration
 .text.adcch_read_configuration
                0x0000342c       0x34 src/asf/xmega/drivers/adc/xmega_bcd/adc_bcd.o
                0x0000342c                adcch_read_configuration
 .text.ccp_write_io
                0x00003460        0xc src/asf/xmega/drivers/cpu/ccp.o
                0x00003460                ccp_write_io
 .text.nvm_eeprom_read_buffer
                0x0000346c       0x2a src/asf/xmega/drivers/nvm/nvm.o
                0x0000346c                nvm_eeprom_read_buffer
 .text.nvm_eeprom_erase_and_write_buffer
                0x00003496      0x15c src/asf/xmega/drivers/nvm/nvm.o
                0x00003496                nvm_eeprom_erase_and_write_buffer
 .text.nvm_read_byte
                0x000035f2       0x14 src/asf/xmega/drivers/nvm/nvm_asm.o
                0x000035f2                nvm_read_byte
 .text.__vector_14
                0x00003606       0x5a src/asf/xmega/drivers/tc/tc.o
                0x00003606                __vector_14
 .text.__vector_15
                0x00003660       0x5a src/asf/xmega/drivers/tc/tc.o
                0x00003660                __vector_15
 .text.__vector_16
                0x000036ba       0x5a src/asf/xmega/drivers/tc/tc.o
                0x000036ba                __vector_16
 .text.__vector_17
                0x00003714       0x5a src/asf/xmega/drivers/tc/tc.o
                0x00003714                __vector_17
 .text.__vector_18
                0x0000376e       0x5a src/asf/xmega/drivers/tc/tc.o
                0x0000376e                __vector_18
 .text.__vector_19
                0x000037c8       0x5a src/asf/xmega/drivers/tc/tc.o
                0x000037c8                __vector_19
 .text.__vector_20
                0x00003822       0x5a src/asf/xmega/drivers/tc/tc.o
                0x00003822                __vector_20
 .text.__vector_21
                0x0000387c       0x5a src/asf/xmega/drivers/tc/tc.o
                0x0000387c                __vector_21
 .text.__vector_22
                0x000038d6       0x5a src/asf/xmega/drivers/tc/tc.o
                0x000038d6                __vector_22
 .text.__vector_23
                0x00003930       0x5a src/asf/xmega/drivers/tc/tc.o
                0x00003930                __vector_23
 .text.__vector_77
                0x0000398a       0x5a src/asf/xmega/drivers/tc/tc.o
                0x0000398a                __vector_77
 .text.__vector_78
                0x000039e4       0x5a src/asf/xmega/drivers/tc/tc.o
                0x000039e4                __vector_78
 .text.__vector_79
                0x00003a3e       0x5a src/asf/xmega/drivers/tc/tc.o
                0x00003a3e                __vector_79
 .text.__vector_80
                0x00003a98       0x5a src/asf/xmega/drivers/tc/tc.o
                0x00003a98                __vector_80
 .text.__vector_81
                0x00003af2       0x5a src/asf/xmega/drivers/tc/tc.o
                0x00003af2                __vector_81
 .text.__vector_82
                0x00003b4c       0x5a src/asf/xmega/drivers/tc/tc.o
                0x00003b4c                __vector_82
 .text.__vector_47
                0x00003ba6       0x5a src/asf/xmega/drivers/tc/tc.o
                0x00003ba6                __vector_47
 .text.__vector_48
                0x00003c00       0x5a src/asf/xmega/drivers/tc/tc.o
                0x00003c00                __vector_48
 .text.__vector_49
                0x00003c5a       0x5a src/asf/xmega/drivers/tc/tc.o
                0x00003c5a                __vector_49
 .text.__vector_50
                0x00003cb4       0x5a src/asf/xmega/drivers/tc/tc.o
                0x00003cb4                __vector_50
 .text.__vector_51
                0x00003d0e       0x5a src/asf/xmega/drivers/tc/tc.o
                0x00003d0e                __vector_51
 .text.__vector_52
                0x00003d68       0x5a src/asf/xmega/drivers/tc/tc.o
                0x00003d68                __vector_52
 .text.__vector_108
                0x00003dc2       0x5a src/asf/xmega/drivers/tc/tc.o
                0x00003dc2                __vector_108
 .text.__vector_109
                0x00003e1c       0x5a src/asf/xmega/drivers/tc/tc.o
                0x00003e1c                __vector_109
 .text.__vector_110
                0x00003e76       0x5a src/asf/xmega/drivers/tc/tc.o
                0x00003e76                __vector_110
 .text.__vector_111
                0x00003ed0       0x5a src/asf/xmega/drivers/tc/tc.o
                0x00003ed0                __vector_111
 .text.__vector_112
                0x00003f2a       0x5a src/asf/xmega/drivers/tc/tc.o
                0x00003f2a                __vector_112
 .text.__vector_113
                0x00003f84       0x5a src/asf/xmega/drivers/tc/tc.o
                0x00003f84                __vector_113
 .text.tc_enable
                0x00003fde       0x82 src/asf/xmega/drivers/tc/tc.o
                0x00003fde                tc_enable
 .text.tc_disable
                0x00004060       0x8a src/asf/xmega/drivers/tc/tc.o
                0x00004060                tc_disable
 .text.tc_set_overflow_interrupt_callback
                0x000040ea       0x5a src/asf/xmega/drivers/tc/tc.o
                0x000040ea                tc_set_overflow_interrupt_callback
 .text.usart_init_rs232
                0x00004144      0x34e src/asf/xmega/drivers/usart/usart.o
                0x00004144                usart_init_rs232
 .text.usart_putchar
                0x00004492       0x10 src/asf/xmega/drivers/usart/usart.o
                0x00004492                usart_putchar
 .text.wdt_set_timeout_period
                0x000044a2       0x26 src/asf/xmega/drivers/wdt/wdt.o
                0x000044a2                wdt_set_timeout_period
 .text.wdt_disable
                0x000044c8       0x10 src/asf/xmega/drivers/wdt/wdt.o
                0x000044c8                wdt_disable
 .text.wdt_enable
                0x000044d8       0x1a src/asf/xmega/drivers/wdt/wdt.o
                0x000044d8                wdt_enable
 .text.pwm_init
                0x000044f2      0x26a src/asf/xmega/services/pwm/pwm.o
                0x000044f2                pwm_init
 .text.pwm_start
                0x0000475c       0xc4 src/asf/xmega/services/pwm/pwm.o
                0x0000475c                pwm_start
 .text.setupBluetoothFast
                0x00004820       0x74 src/bluetooth.o
                0x00004820                setupBluetoothFast
 .text.sendBTChar
                0x00004894       0x3e src/bluetooth.o
                0x00004894                sendBTChar
 .text.sendBTCmd
                0x000048d2      0x11c src/bluetooth.o
                0x000048d2                sendBTCmd
 .text.turnBTOn
                0x000049ee       0x48 src/bluetooth.o
                0x000049ee                turnBTOn
 .text.turnBTOff
                0x00004a36       0x50 src/bluetooth.o
                0x00004a36                turnBTOff
 .text.initBTComms
                0x00004a86       0xbc src/bluetooth.o
                0x00004a86                initBTComms
 .text.bt_exitBypass
                0x00004b42       0x80 src/bluetooth.o
                0x00004b42                bt_exitBypass
 .text.bt_homeButton
                0x00004bc2      0x200 src/bluetooth.o
                0x00004bc2                bt_homeButton
 .text.btFactoryReset
                0x00004dc2       0xb4 src/bluetooth.o
                0x00004dc2                btFactoryReset
 .text.btIsConnected
                0x00004e76       0x12 src/bluetooth.o
                0x00004e76                btIsConnected
 .text.btClearAutoConnectList
                0x00004e88       0x3e src/bluetooth.o
                0x00004e88                btClearAutoConnectList
 .text.BluetoothKeyboardMode
                0x00004ec6        0x6 src/bluetooth.o
                0x00004ec6                BluetoothKeyboardMode
 .text.BluetoothComboMode
                0x00004ecc        0x6 src/bluetooth.o
                0x00004ecc                BluetoothComboMode
 .text.BluetoothGamePadMode
                0x00004ed2        0x6 src/bluetooth.o
                0x00004ed2                BluetoothGamePadMode
 .text.BluetoothJoystickMode
                0x00004ed8        0x6 src/bluetooth.o
                0x00004ed8                BluetoothJoystickMode
 .text.reset_do_soft_reset
                0x00004ede        0xc src/main.o
 .text.sysTickCallback
                0x00004eea       0x30 src/main.o
                0x00004eea                sysTickCallback
 .text.selectHandlers
                0x00004f1a       0xf2 src/main.o
                0x00004f1a                selectHandlers
 .text.SetupStartPinExternalInterrupt
                0x0000500c       0x2e src/main.o
                0x0000500c                SetupStartPinExternalInterrupt
 .text.startup.main
                0x0000503a      0x726 src/main.o
                0x0000503a                main
 .text.__vector_104
                0x00005760       0x6a src/main.o
                0x00005760                __vector_104
 .text.libgcc.div
                0x000057ca       0x26 c:/program files (x86)/atmel/atmel toolchain/avr8 gcc/native/3.4.1056/avr8-gnu-toolchain/bin/../lib/gcc/avr/4.8.1/avrxmega4\libgcc.a(_divmodhi4.o)
                0x000057ca                _div
                0x000057ca                __divmodhi4
 .text.libgcc.div
                0x000057f0       0x44 c:/program files (x86)/atmel/atmel toolchain/avr8 gcc/native/3.4.1056/avr8-gnu-toolchain/bin/../lib/gcc/avr/4.8.1/avrxmega4\libgcc.a(_udivmodsi4.o)
                0x000057f0                __udivmodsi4
 .text.libgcc.div
                0x00005834       0x28 c:/program files (x86)/atmel/atmel toolchain/avr8 gcc/native/3.4.1056/avr8-gnu-toolchain/bin/../lib/gcc/avr/4.8.1/avrxmega4\libgcc.a(_divmodsi4.o)
                0x00005834                __divmodsi4
 .text.libgcc.div
                0x0000585c       0x10 c:/program files (x86)/atmel/atmel toolchain/avr8 gcc/native/3.4.1056/avr8-gnu-toolchain/bin/../lib/gcc/avr/4.8.1/avrxmega4\libgcc.a(_negsi2.o)
                0x0000585c                __negsi2
 .text.libgcc   0x0000586c        0xc c:/program files (x86)/atmel/atmel toolchain/avr8 gcc/native/3.4.1056/avr8-gnu-toolchain/bin/../lib/gcc/avr/4.8.1/avrxmega4\libgcc.a(_tablejump.o)
                0x0000586c                __tablejump2__
                0x00005870                __tablejump__
 .text.libgcc.mul
                0x00005878        0xc c:/program files (x86)/atmel/atmel toolchain/avr8 gcc/native/3.4.1056/avr8-gnu-toolchain/bin/../lib/gcc/avr/4.8.1/avrxmega4\libgcc.a(_mulhisi3.o)
                0x00005878                __mulhisi3
 .text.libgcc.mul
                0x00005884       0x1e c:/program files (x86)/atmel/atmel toolchain/avr8 gcc/native/3.4.1056/avr8-gnu-toolchain/bin/../lib/gcc/avr/4.8.1/avrxmega4\libgcc.a(_umulhisi3.o)
                0x00005884                __umulhisi3
 .text.libgcc.mul
                0x000058a2        0xc c:/program files (x86)/atmel/atmel toolchain/avr8 gcc/native/3.4.1056/avr8-gnu-toolchain/bin/../lib/gcc/avr/4.8.1/avrxmega4\libgcc.a(_usmulhisi3.o)
                0x000058a2                __usmulhisi3
                0x000058a4                __usmulhisi3_tail
 .text.libgcc.div
                0x000058ae       0x28 c:/program files (x86)/atmel/atmel toolchain/avr8 gcc/native/3.4.1056/avr8-gnu-toolchain/bin/../lib/gcc/avr/4.8.1/avrxmega4\libgcc.a(_udivmodhi4.o)
                0x000058ae                __udivmodhi4
 .text.avr-libc
                0x000058d6       0x1a c:/program files (x86)/atmel/atmel toolchain/avr8 gcc/native/3.4.1056/avr8-gnu-toolchain/bin/../lib/gcc/avr/4.8.1/../../../../avr/lib/avrxmega4\libc.a(memchr.o)
                0x000058d6                memchr
 .text.avr-libc
                0x000058f0       0x12 c:/program files (x86)/atmel/atmel toolchain/avr8 gcc/native/3.4.1056/avr8-gnu-toolchain/bin/../lib/gcc/avr/4.8.1/../../../../avr/lib/avrxmega4\libc.a(memcpy.o)
                0x000058f0                memcpy
 .text.avr-libc
                0x00005902        0xe c:/program files (x86)/atmel/atmel toolchain/avr8 gcc/native/3.4.1056/avr8-gnu-toolchain/bin/../lib/gcc/avr/4.8.1/../../../../avr/lib/avrxmega4\libc.a(memset.o)
                0x00005902                memset
 .text.avr-libc
                0x00005910       0x12 c:/program files (x86)/atmel/atmel toolchain/avr8 gcc/native/3.4.1056/avr8-gnu-toolchain/bin/../lib/gcc/avr/4.8.1/../../../../avr/lib/avrxmega4\libc.a(strcmp.o)
                0x00005910                strcmp
 .text.avr-libc
                0x00005922       0x14 c:/program files (x86)/atmel/atmel toolchain/avr8 gcc/native/3.4.1056/avr8-gnu-toolchain/bin/../lib/gcc/avr/4.8.1/../../../../avr/lib/avrxmega4\libc.a(itoa_ncheck.o)
                0x00005922                __itoa_ncheck
 .text.avr-libc
                0x00005936       0x32 c:/program files (x86)/atmel/atmel toolchain/avr8 gcc/native/3.4.1056/avr8-gnu-toolchain/bin/../lib/gcc/avr/4.8.1/../../../../avr/lib/avrxmega4\libc.a(utoa_ncheck.o)
                0x00005936                __utoa_ncheck
                0x00005938                __utoa_common
 .text.avr-libc
                0x00005968       0x20 c:/program files (x86)/atmel/atmel toolchain/avr8 gcc/native/3.4.1056/avr8-gnu-toolchain/bin/../lib/gcc/avr/4.8.1/../../../../avr/lib/avrxmega4\libc.a(strrev.o)
                0x00005968                strrev
                0x00005988                . = ALIGN (0x2)
 *(.fini9)
 .fini9         0x00005988        0x0 c:/program files (x86)/atmel/atmel toolchain/avr8 gcc/native/3.4.1056/avr8-gnu-toolchain/bin/../lib/gcc/avr/4.8.1/avrxmega4\libgcc.a(_exit.o)
                0x00005988                _exit
                0x00005988                exit
 *(.fini9)
 *(.fini8)
 *(.fini8)
 *(.fini7)
 *(.fini7)
 *(.fini6)
 *(.fini6)
 *(.fini5)
 *(.fini5)
 *(.fini4)
 *(.fini4)
 *(.fini3)
 *(.fini3)
 *(.fini2)
 *(.fini2)
 *(.fini1)
 *(.fini1)
 *(.fini0)
 .fini0         0x00005988        0x4 c:/program files (x86)/atmel/atmel toolchain/avr8 gcc/native/3.4.1056/avr8-gnu-toolchain/bin/../lib/gcc/avr/4.8.1/avrxmega4\libgcc.a(_exit.o)
 *(.fini0)
                0x0000598c                _etext = .

.data           0x00802000      0x618 load address 0x0000598c
                0x00802000                PROVIDE (__data_start, .)
 *(.data)
 .data          0x00802000        0x0 c:/program files (x86)/atmel/atmel toolchain/avr8 gcc/native/3.4.1056/avr8-gnu-toolchain/bin/../lib/gcc/avr/4.8.1/../../../../avr/lib/avrxmega4/crtx64d3.o
 .data          0x00802000        0x0 src/analog.o
 .data          0x00802000        0x0 src/asf/common/boards/user_board/init.o
 .data          0x00802000        0x0 src/battery_charger.o
 .data          0x00802000        0x0 src/bios.o
 .data          0x00802000        0x0 src/buttons.o
 .data          0x00802000        0x0 src/configurations/keyboard_ios.o
 .data          0x00802000        0x0 src/circular_buffer.o
 .data          0x00802000        0x0 src/comm.o
 .data          0x00802000        0x0 src/configurations.o
 .data          0x00802000        0x0 src/configurations/gamepad.o
 .data          0x00802000        0x0 src/configurations/j_stick.o
 .data          0x00802000        0x0 src/configurations/keyboard.o
 .data          0x00802000        0x0 src/configurations/keyboard_mouse.o
 .data          0x00802000        0x0 src/configurations/usb_serial.o
 .data          0x00802000        0x0 src/debug.o
 .data          0x00802000        0x0 src/drone_gamepad_config.o
 .data          0x00802000        0x0 src/drone_game_configurations.o
 .data          0x00802000        0x0 src/drone_ios_config.o
 .data          0x00802000        0x0 src/drone_joystick_config.o
 .data          0x00802000        0x0 src/drone_keyboard_config.o
 .data          0x00802000        0x0 src/drone_keyboard_mouse_config.o
 .data          0x00802000        0x0 src/joysticks.o
 .data          0x00802000        0x0 src/powerControl.o
 .data          0x00802000        0x0 src/RGB_LED.o
 .data          0x00802000        0x0 src/shared.o
 .data          0x00802000        0x0 src/strings.o
 .data          0x00802000        0x0 src/system_time.o
 .data          0x00802000        0x0 src/systick.o
 .data          0x00802000        0x0 src/usb.o
 .data          0x00802000        0x0 src/watchdog.o
 .data          0x00802000        0x0 src/asf/common/services/clock/xmega/sysclk.o
 .data          0x00802000        0x0 src/asf/common/services/ioport/xmega/ioport_compat.o
 .data          0x00802000        0x0 src/asf/common/services/serial/usart_serial.o
 .data          0x00802000        0x0 src/asf/common/services/sleepmgr/xmega/sleepmgr.o
 .data          0x00802000        0x0 src/asf/xmega/drivers/adc/adc.o
 .data          0x00802000        0x0 src/asf/xmega/drivers/adc/xmega_bcd/adc_bcd.o
 .data          0x00802000        0x0 src/asf/xmega/drivers/cpu/ccp.o
 .data          0x00802000        0x0 src/asf/xmega/drivers/nvm/nvm.o
 .data          0x00802000        0x0 src/asf/xmega/drivers/nvm/nvm_asm.o
 .data          0x00802000        0x0 src/asf/xmega/drivers/tc/tc.o
 .data          0x00802000        0x0 src/asf/xmega/drivers/usart/usart.o
 .data          0x00802000        0x0 src/asf/xmega/drivers/wdt/wdt.o
 .data          0x00802000        0x0 src/asf/xmega/services/pwm/pwm.o
 .data          0x00802000        0x0 src/bluetooth.o
 .data          0x00802000        0x0 src/main.o
 .data          0x00802000        0x0 c:/program files (x86)/atmel/atmel toolchain/avr8 gcc/native/3.4.1056/avr8-gnu-toolchain/bin/../lib/gcc/avr/4.8.1/avrxmega4\libgcc.a(_mulsi3.o)
 .data          0x00802000        0x0 c:/program files (x86)/atmel/atmel toolchain/avr8 gcc/native/3.4.1056/avr8-gnu-toolchain/bin/../lib/gcc/avr/4.8.1/avrxmega4\libgcc.a(_divmodhi4.o)
 .data          0x00802000        0x0 c:/program files (x86)/atmel/atmel toolchain/avr8 gcc/native/3.4.1056/avr8-gnu-toolchain/bin/../lib/gcc/avr/4.8.1/avrxmega4\libgcc.a(_udivmodsi4.o)
 .data          0x00802000        0x0 c:/program files (x86)/atmel/atmel toolchain/avr8 gcc/native/3.4.1056/avr8-gnu-toolchain/bin/../lib/gcc/avr/4.8.1/avrxmega4\libgcc.a(_divmodsi4.o)
 .data          0x00802000        0x0 c:/program files (x86)/atmel/atmel toolchain/avr8 gcc/native/3.4.1056/avr8-gnu-toolchain/bin/../lib/gcc/avr/4.8.1/avrxmega4\libgcc.a(_negsi2.o)
 .data          0x00802000        0x0 c:/program files (x86)/atmel/atmel toolchain/avr8 gcc/native/3.4.1056/avr8-gnu-toolchain/bin/../lib/gcc/avr/4.8.1/avrxmega4\libgcc.a(_exit.o)
 .data          0x00802000        0x0 c:/program files (x86)/atmel/atmel toolchain/avr8 gcc/native/3.4.1056/avr8-gnu-toolchain/bin/../lib/gcc/avr/4.8.1/avrxmega4\libgcc.a(_tablejump.o)
 .data          0x00802000        0x0 c:/program files (x86)/atmel/atmel toolchain/avr8 gcc/native/3.4.1056/avr8-gnu-toolchain/bin/../lib/gcc/avr/4.8.1/avrxmega4\libgcc.a(_copy_data.o)
 .data          0x00802000        0x0 c:/program files (x86)/atmel/atmel toolchain/avr8 gcc/native/3.4.1056/avr8-gnu-toolchain/bin/../lib/gcc/avr/4.8.1/avrxmega4\libgcc.a(_clear_bss.o)
 .data          0x00802000        0x0 c:/program files (x86)/atmel/atmel toolchain/avr8 gcc/native/3.4.1056/avr8-gnu-toolchain/bin/../lib/gcc/avr/4.8.1/avrxmega4\libgcc.a(_mulhisi3.o)
 .data          0x00802000        0x0 c:/program files (x86)/atmel/atmel toolchain/avr8 gcc/native/3.4.1056/avr8-gnu-toolchain/bin/../lib/gcc/avr/4.8.1/avrxmega4\libgcc.a(_umulhisi3.o)
 .data          0x00802000        0x0 c:/program files (x86)/atmel/atmel toolchain/avr8 gcc/native/3.4.1056/avr8-gnu-toolchain/bin/../lib/gcc/avr/4.8.1/avrxmega4\libgcc.a(_usmulhisi3.o)
 .data          0x00802000        0x0 c:/program files (x86)/atmel/atmel toolchain/avr8 gcc/native/3.4.1056/avr8-gnu-toolchain/bin/../lib/gcc/avr/4.8.1/avrxmega4\libgcc.a(_muluhisi3.o)
 .data          0x00802000        0x0 c:/program files (x86)/atmel/atmel toolchain/avr8 gcc/native/3.4.1056/avr8-gnu-toolchain/bin/../lib/gcc/avr/4.8.1/avrxmega4\libgcc.a(_udivmodhi4.o)
 .data          0x00802000        0x0 c:/program files (x86)/atmel/atmel toolchain/avr8 gcc/native/3.4.1056/avr8-gnu-toolchain/bin/../lib/gcc/avr/4.8.1/../../../../avr/lib/avrxmega4\libc.a(memchr.o)
 .data          0x00802000        0x0 c:/program files (x86)/atmel/atmel toolchain/avr8 gcc/native/3.4.1056/avr8-gnu-toolchain/bin/../lib/gcc/avr/4.8.1/../../../../avr/lib/avrxmega4\libc.a(memcpy.o)
 .data          0x00802000        0x0 c:/program files (x86)/atmel/atmel toolchain/avr8 gcc/native/3.4.1056/avr8-gnu-toolchain/bin/../lib/gcc/avr/4.8.1/../../../../avr/lib/avrxmega4\libc.a(memset.o)
 .data          0x00802000        0x0 c:/program files (x86)/atmel/atmel toolchain/avr8 gcc/native/3.4.1056/avr8-gnu-toolchain/bin/../lib/gcc/avr/4.8.1/../../../../avr/lib/avrxmega4\libc.a(strcmp.o)
 .data          0x00802000        0x0 c:/program files (x86)/atmel/atmel toolchain/avr8 gcc/native/3.4.1056/avr8-gnu-toolchain/bin/../lib/gcc/avr/4.8.1/../../../../avr/lib/avrxmega4\libc.a(itoa_ncheck.o)
 .data          0x00802000        0x0 c:/program files (x86)/atmel/atmel toolchain/avr8 gcc/native/3.4.1056/avr8-gnu-toolchain/bin/../lib/gcc/avr/4.8.1/../../../../avr/lib/avrxmega4\libc.a(utoa_ncheck.o)
 .data          0x00802000        0x0 c:/program files (x86)/atmel/atmel toolchain/avr8 gcc/native/3.4.1056/avr8-gnu-toolchain/bin/../lib/gcc/avr/4.8.1/../../../../avr/lib/avrxmega4\libc.a(strrev.o)
 *(.data*)
 .data.buttons  0x00802000       0x40 src/buttons.o
                0x00802000                buttons
 .data.dpad_buttons
                0x00802040        0x1 src/configurations/gamepad.o
 .data.dpad_buttons
                0x00802041        0x1 src/configurations/j_stick.o
 .data.joysticks
                0x00802042       0x1c src/joysticks.o
                0x00802042                joysticks
 .data.USART_SERIAL_OPTIONS.5235
                0x0080205e        0x7 src/usb.o
 .data.mainLoopWatchdog
                0x00802065        0x2 src/watchdog.o
 .data.modemResponseWatchdog
                0x00802067        0x2 src/watchdog.o
 *(.rodata)
 .rodata        0x00802069        0xa src/configurations/gamepad.o
 .rodata        0x00802073        0xa src/configurations/j_stick.o
 .rodata        0x0080207d        0x7 src/debug.o
 .rodata        0x00802084        0x7 src/bluetooth.o
 *(.rodata*)
 .rodata.str1.1
                0x0080208b        0x3 src/bios.o
                                  0x4 (size before relaxing)
 .rodata.deadzone
                0x0080208e        0x4 src/bios.o
 .rodata.center
                0x00802092        0x4 src/bios.o
 .rodata.str1.1
                0x00802096       0x59 src/comm.o
 .rodata.COMMANDS
                0x008020ef       0x2c src/comm.o
                0x008020ef                COMMANDS
 .rodata.str1.1
                0x0080211b       0x1c src/configurations.o
                                 0x1d (size before relaxing)
 .rodata.center
                0x00802137        0x4 src/configurations/gamepad.o
 .rodata.center
                0x0080213b        0x4 src/configurations/j_stick.o
 .rodata.center
                0x0080213f        0x4 src/configurations/keyboard.o
 .rodata.center
                0x00802143        0x4 src/configurations/keyboard_mouse.o
 .rodata.DRONE_GAMEPAD_CONFIG
                0x00802147       0xbd src/drone_gamepad_config.o
                0x00802147                DRONE_GAMEPAD_CONFIG
 .rodata.DEFAULT_HEADER
                0x00802204        0x8 src/drone_game_configurations.o
                0x00802204                DEFAULT_HEADER
 .rodata.DRONE_IOS_CONFIG
                0x0080220c       0xbd src/drone_ios_config.o
                0x0080220c                DRONE_IOS_CONFIG
 .rodata.DRONE_JOYSTICK_CONFIG
                0x008022c9       0xbd src/drone_joystick_config.o
                0x008022c9                DRONE_JOYSTICK_CONFIG
 .rodata.DRONE_KEYBOARD_CONFIG
                0x00802386       0xbd src/drone_keyboard_config.o
                0x00802386                DRONE_KEYBOARD_CONFIG
 .rodata.DRONE_KEYBOARD_MOUSE_CONFIG
                0x00802443       0xbd src/drone_keyboard_mouse_config.o
                0x00802443                DRONE_KEYBOARD_MOUSE_CONFIG
 .rodata.str1.1
                0x00802500       0x19 src/usb.o
 .rodata.str1.1
                0x00802519        0x2 src/watchdog.o
 .rodata.str1.1
                0x0080251b       0x8d src/bluetooth.o
 .rodata.str1.1
                0x008025a8       0x70 src/main.o
 *(.gnu.linkonce.d*)
                0x00802618                . = ALIGN (0x2)
                0x00802618                _edata = .
                0x00802618                PROVIDE (__data_end, .)

.bss            0x00802618      0x2bb
                0x00802618                PROVIDE (__bss_start, .)
 *(.bss)
 *(.bss*)
 .bss.analog_channel_config
                0x00802618        0x3 src/analog.o
 .bss.analog_config
                0x0080261b        0x6 src/analog.o
 .bss.my_cc     0x00802621        0x2 src/configurations/keyboard_ios.o
 .bss.ccAddr    0x00802623        0x1 src/comm.o
 .bss.ghAddr    0x00802624        0x1 src/comm.o
 .bss.ccTemp    0x00802625       0xbd src/comm.o
 .bss.ghTemp    0x008026e2        0x8 src/comm.o
 .bss.delta     0x008026ea        0x1 src/configurations/gamepad.o
                0x008026ea                delta
 .bss.gamepad_buttonsHIGH
                0x008026eb        0x4 src/configurations/gamepad.o
 .bss.gamepad_buttonsLOW
                0x008026ef        0x4 src/configurations/gamepad.o
 .bss.pressed_buttons
                0x008026f3        0x4 src/configurations/gamepad.o
 .bss.my_cc     0x008026f7        0x2 src/configurations/gamepad.o
 .bss.jdelta    0x008026f9        0x1 src/configurations/j_stick.o
                0x008026f9                jdelta
 .bss.joystick_buttonsHIGH
                0x008026fa        0x1 src/configurations/j_stick.o
 .bss.joystick_buttonsLOW
                0x008026fb        0x1 src/configurations/j_stick.o
 .bss.pressed_buttons
                0x008026fc        0x4 src/configurations/j_stick.o
 .bss.my_cc     0x00802700        0x2 src/configurations/j_stick.o
 .bss.state_y.5591
                0x00802702        0x2 src/configurations/keyboard.o
 .bss.state_x.5590
                0x00802704        0x2 src/configurations/keyboard.o
 .bss.pressed_buttons
                0x00802706        0x4 src/configurations/keyboard.o
 .bss.my_cc     0x0080270a        0x2 src/configurations/keyboard.o
 .bss.last_mouse_buttons.5629
                0x0080270c        0x1 src/configurations/keyboard_mouse.o
 .bss.state_y.5631
                0x0080270d        0x2 src/configurations/keyboard_mouse.o
 .bss.state_x.5630
                0x0080270f        0x2 src/configurations/keyboard_mouse.o
 .bss.mouse_timeout
                0x00802711        0x8 src/configurations/keyboard_mouse.o
 .bss.mouse_buttons
                0x00802719        0x1 src/configurations/keyboard_mouse.o
 .bss.pressed_buttons
                0x0080271a        0x4 src/configurations/keyboard_mouse.o
 .bss.my_cc     0x0080271e        0x2 src/configurations/keyboard_mouse.o
 .bss.swapBlueGreen
                0x00802720        0x1 src/RGB_LED.o
 .bss.pwm_cfg   0x00802721       0x15 src/RGB_LED.o
 .bss.bootloader
                0x00802736        0x2 src/shared.o
                0x00802736                bootloader
 .bss.system_time
                0x00802738        0x4 src/system_time.o
 .bss.txCB      0x0080273c        0x6 src/usb.o
 .bss.txBuffer  0x00802742       0x20 src/usb.o
 .bss.rxCB      0x00802762        0x6 src/usb.o
 .bss.rxBuffer  0x00802768       0x40 src/usb.o
 .bss.adca_enable_count
                0x008027a8        0x1 src/asf/xmega/drivers/adc/adc.o
 .bss.tc_tcf0_ccd_callback
                0x008027a9        0x2 src/asf/xmega/drivers/tc/tc.o
 .bss.tc_tcf0_ccc_callback
                0x008027ab        0x2 src/asf/xmega/drivers/tc/tc.o
 .bss.tc_tcf0_ccb_callback
                0x008027ad        0x2 src/asf/xmega/drivers/tc/tc.o
 .bss.tc_tcf0_cca_callback
                0x008027af        0x2 src/asf/xmega/drivers/tc/tc.o
 .bss.tc_tcf0_err_callback
                0x008027b1        0x2 src/asf/xmega/drivers/tc/tc.o
 .bss.tc_tcf0_ovf_callback
                0x008027b3        0x2 src/asf/xmega/drivers/tc/tc.o
 .bss.tc_tce0_ccd_callback
                0x008027b5        0x2 src/asf/xmega/drivers/tc/tc.o
 .bss.tc_tce0_ccc_callback
                0x008027b7        0x2 src/asf/xmega/drivers/tc/tc.o
 .bss.tc_tce0_ccb_callback
                0x008027b9        0x2 src/asf/xmega/drivers/tc/tc.o
 .bss.tc_tce0_cca_callback
                0x008027bb        0x2 src/asf/xmega/drivers/tc/tc.o
 .bss.tc_tce0_err_callback
                0x008027bd        0x2 src/asf/xmega/drivers/tc/tc.o
 .bss.tc_tce0_ovf_callback
                0x008027bf        0x2 src/asf/xmega/drivers/tc/tc.o
 .bss.tc_tcd0_ccd_callback
                0x008027c1        0x2 src/asf/xmega/drivers/tc/tc.o
 .bss.tc_tcd0_ccc_callback
                0x008027c3        0x2 src/asf/xmega/drivers/tc/tc.o
 .bss.tc_tcd0_ccb_callback
                0x008027c5        0x2 src/asf/xmega/drivers/tc/tc.o
 .bss.tc_tcd0_cca_callback
                0x008027c7        0x2 src/asf/xmega/drivers/tc/tc.o
 .bss.tc_tcd0_err_callback
                0x008027c9        0x2 src/asf/xmega/drivers/tc/tc.o
 .bss.tc_tcd0_ovf_callback
                0x008027cb        0x2 src/asf/xmega/drivers/tc/tc.o
 .bss.tc_tcc1_ccb_callback
                0x008027cd        0x2 src/asf/xmega/drivers/tc/tc.o
 .bss.tc_tcc1_cca_callback
                0x008027cf        0x2 src/asf/xmega/drivers/tc/tc.o
 .bss.tc_tcc1_err_callback
                0x008027d1        0x2 src/asf/xmega/drivers/tc/tc.o
 .bss.tc_tcc1_ovf_callback
                0x008027d3        0x2 src/asf/xmega/drivers/tc/tc.o
 .bss.tc_tcc0_ccd_callback
                0x008027d5        0x2 src/asf/xmega/drivers/tc/tc.o
 .bss.tc_tcc0_ccc_callback
                0x008027d7        0x2 src/asf/xmega/drivers/tc/tc.o
 .bss.tc_tcc0_ccb_callback
                0x008027d9        0x2 src/asf/xmega/drivers/tc/tc.o
 .bss.tc_tcc0_cca_callback
                0x008027db        0x2 src/asf/xmega/drivers/tc/tc.o
 .bss.tc_tcc0_err_callback
                0x008027dd        0x2 src/asf/xmega/drivers/tc/tc.o
 .bss.tc_tcc0_ovf_callback
                0x008027df        0x2 src/asf/xmega/drivers/tc/tc.o
 .bss.wdtCheckCount.5821
                0x008027e1        0x2 src/main.o
 .bss.joystick_handler
                0x008027e3        0x2 src/main.o
 .bss.button_handler
                0x008027e5        0x2 src/main.o
 .bss.button_handler_init
                0x008027e7        0x2 src/main.o
 *(COMMON)
 COMMON         0x008027e9       0x10 src/bios.o
                0x008027e9                global_header
                0x008027f1                biosUnused
 COMMON         0x008027f9       0x14 src/configurations/gamepad.o
                0x008027f9                report
                0x00802803                prev_report
 COMMON         0x0080280d        0x6 src/asf/common/services/sleepmgr/xmega/sleepmgr.o
                0x0080280d                sleepmgr_locks
 COMMON         0x00802813       0xc0 src/main.o
                0x00802813                bios
                0x00802814                turnedOn
                0x00802815                pulse
                0x00802816                ccc
                0x008028d3                PROVIDE (__bss_end, .)
                0x0000598c                __data_load_start = LOADADDR (.data)
                0x00005fa4                __data_load_end = (__data_load_start + SIZEOF (.data))

.noinit         0x008028d3        0x0
                0x008028d3                PROVIDE (__noinit_start, .)
 *(.noinit*)
                0x008028d3                PROVIDE (__noinit_end, .)
                0x008028d3                _end = .
                0x008028d3                PROVIDE (__heap_start, .)

.eeprom         0x00810000        0x0
 *(.eeprom*)
                0x00810000                __eeprom_end = .

.fuse
 *(.fuse)
 *(.lfuse)
 *(.hfuse)
 *(.efuse)

.lock
 *(.lock*)

.signature
 *(.signature*)

.user_signatures
 *(.user_signatures*)

.stab
 *(.stab)

.stabstr
 *(.stabstr)

.stab.excl
 *(.stab.excl)

.stab.exclstr
 *(.stab.exclstr)

.stab.index
 *(.stab.index)

.stab.indexstr
 *(.stab.indexstr)

.comment        0x00000000       0x30
 *(.comment)
 .comment       0x00000000       0x30 src/analog.o
                                 0x31 (size before relaxing)
 .comment       0x00000000       0x31 src/asf/common/boards/user_board/init.o
 .comment       0x00000000       0x31 src/battery_charger.o
 .comment       0x00000000       0x31 src/bios.o
 .comment       0x00000000       0x31 src/buttons.o
 .comment       0x00000000       0x31 src/configurations/keyboard_ios.o
 .comment       0x00000000       0x31 src/circular_buffer.o
 .comment       0x00000000       0x31 src/comm.o
 .comment       0x00000000       0x31 src/configurations.o
 .comment       0x00000000       0x31 src/configurations/gamepad.o
 .comment       0x00000000       0x31 src/configurations/j_stick.o
 .comment       0x00000000       0x31 src/configurations/keyboard.o
 .comment       0x00000000       0x31 src/configurations/keyboard_mouse.o
 .comment       0x00000000       0x31 src/configurations/usb_serial.o
 .comment       0x00000000       0x31 src/debug.o
 .comment       0x00000000       0x31 src/drone_gamepad_config.o
 .comment       0x00000000       0x31 src/drone_game_configurations.o
 .comment       0x00000000       0x31 src/drone_ios_config.o
 .comment       0x00000000       0x31 src/drone_joystick_config.o
 .comment       0x00000000       0x31 src/drone_keyboard_config.o
 .comment       0x00000000       0x31 src/drone_keyboard_mouse_config.o
 .comment       0x00000000       0x31 src/joysticks.o
 .comment       0x00000000       0x31 src/powerControl.o
 .comment       0x00000000       0x31 src/RGB_LED.o
 .comment       0x00000000       0x31 src/shared.o
 .comment       0x00000000       0x31 src/strings.o
 .comment       0x00000000       0x31 src/system_time.o
 .comment       0x00000000       0x31 src/systick.o
 .comment       0x00000000       0x31 src/usb.o
 .comment       0x00000000       0x31 src/watchdog.o
 .comment       0x00000000       0x31 src/asf/common/services/clock/xmega/sysclk.o
 .comment       0x00000000       0x31 src/asf/common/services/ioport/xmega/ioport_compat.o
 .comment       0x00000000       0x31 src/asf/common/services/serial/usart_serial.o
 .comment       0x00000000       0x31 src/asf/common/services/sleepmgr/xmega/sleepmgr.o
 .comment       0x00000000       0x31 src/asf/xmega/drivers/adc/adc.o
 .comment       0x00000000       0x31 src/asf/xmega/drivers/adc/xmega_bcd/adc_bcd.o
 .comment       0x00000000       0x31 src/asf/xmega/drivers/nvm/nvm.o
 .comment       0x00000000       0x31 src/asf/xmega/drivers/tc/tc.o
 .comment       0x00000000       0x31 src/asf/xmega/drivers/usart/usart.o
 .comment       0x00000000       0x31 src/asf/xmega/drivers/wdt/wdt.o
 .comment       0x00000000       0x31 src/asf/xmega/services/pwm/pwm.o
 .comment       0x00000000       0x31 src/bluetooth.o
 .comment       0x00000000       0x31 src/main.o

.note.gnu.build-id
 *(.note.gnu.build-id)

.debug
 *(.debug)

.line
 *(.line)

.debug_srcinfo
 *(.debug_srcinfo)

.debug_sfnames
 *(.debug_sfnames)

.debug_aranges  0x00000000       0x48
 *(.debug_aranges)
 .debug_aranges
                0x00000000       0x20 src/asf/xmega/drivers/cpu/ccp.o
 .debug_aranges
                0x00000020       0x28 src/asf/xmega/drivers/nvm/nvm_asm.o

.debug_pubnames
 *(.debug_pubnames)

.debug_info     0x00000000      0x104
 *(.debug_info .gnu.linkonce.wi.*)
 .debug_info    0x00000000       0x82 src/asf/xmega/drivers/cpu/ccp.o
 .debug_info    0x00000082       0x82 src/asf/xmega/drivers/nvm/nvm_asm.o

.debug_abbrev   0x00000000       0x26
 *(.debug_abbrev)
 .debug_abbrev  0x00000000       0x14 src/asf/xmega/drivers/cpu/ccp.o
 .debug_abbrev  0x00000014       0x12 src/asf/xmega/drivers/nvm/nvm_asm.o

.debug_line     0x00000000      0x18d
 *(.debug_line .debug_line.* .debug_line_end)
 .debug_line    0x00000000       0x6e src/asf/xmega/drivers/cpu/ccp.o
 .debug_line    0x0000006e      0x11f src/asf/xmega/drivers/nvm/nvm_asm.o

.debug_frame
 *(.debug_frame)

.debug_str
 *(.debug_str)

.debug_loc
 *(.debug_loc)

.debug_macinfo
 *(.debug_macinfo)

.debug_weaknames
 *(.debug_weaknames)

.debug_funcnames
 *(.debug_funcnames)

.debug_typenames
 *(.debug_typenames)

.debug_varnames
 *(.debug_varnames)

.debug_pubtypes
 *(.debug_pubtypes)

.debug_ranges   0x00000000       0x20
 *(.debug_ranges)
 .debug_ranges  0x00000000       0x20 src/asf/xmega/drivers/nvm/nvm_asm.o

.debug_macro
 *(.debug_macro)
OUTPUT(Drone.elf elf32-avr)
LOAD linker stubs
