Archive member included because of file (symbol)

c:/program files (x86)/atmel/atmel toolchain/avr8 gcc/native/3.4.2.1002/avr8-gnu-toolchain/bin/../lib/gcc/avr/4.7.2/avrxmega4\libgcc.a(_mulsi3.o)
                              src/RGB_LED.o (__mulsi3)
c:/program files (x86)/atmel/atmel toolchain/avr8 gcc/native/3.4.2.1002/avr8-gnu-toolchain/bin/../lib/gcc/avr/4.7.2/avrxmega4\libgcc.a(_divmodhi4.o)
                              src/configurations/keyboard_mouse.o (__divmodhi4)
c:/program files (x86)/atmel/atmel toolchain/avr8 gcc/native/3.4.2.1002/avr8-gnu-toolchain/bin/../lib/gcc/avr/4.7.2/avrxmega4\libgcc.a(_udivmodsi4.o)
                              src/analog.o (__udivmodsi4)
c:/program files (x86)/atmel/atmel toolchain/avr8 gcc/native/3.4.2.1002/avr8-gnu-toolchain/bin/../lib/gcc/avr/4.7.2/avrxmega4\libgcc.a(_divmodsi4.o)
                              src/joysticks.o (__divmodsi4)
c:/program files (x86)/atmel/atmel toolchain/avr8 gcc/native/3.4.2.1002/avr8-gnu-toolchain/bin/../lib/gcc/avr/4.7.2/avrxmega4\libgcc.a(_exit.o)
                              c:/program files (x86)/atmel/atmel toolchain/avr8 gcc/native/3.4.2.1002/avr8-gnu-toolchain/bin/../lib/gcc/avr/4.7.2/../../../../avr/lib/avrxmega4/crtx64d3.o (exit)
c:/program files (x86)/atmel/atmel toolchain/avr8 gcc/native/3.4.2.1002/avr8-gnu-toolchain/bin/../lib/gcc/avr/4.7.2/avrxmega4\libgcc.a(_copy_data.o)
                              src/battery_charger.o (__do_copy_data)
c:/program files (x86)/atmel/atmel toolchain/avr8 gcc/native/3.4.2.1002/avr8-gnu-toolchain/bin/../lib/gcc/avr/4.7.2/avrxmega4\libgcc.a(_clear_bss.o)
                              src/analog.o (__do_clear_bss)
c:/program files (x86)/atmel/atmel toolchain/avr8 gcc/native/3.4.2.1002/avr8-gnu-toolchain/bin/../lib/gcc/avr/4.7.2/avrxmega4\libgcc.a(_muluhisi3.o)
                              src/joysticks.o (__muluhisi3)
c:/program files (x86)/atmel/atmel toolchain/avr8 gcc/native/3.4.2.1002/avr8-gnu-toolchain/bin/../lib/gcc/avr/4.7.2/avrxmega4\libgcc.a(_mulshisi3.o)
                              src/joysticks.o (__mulohisi3)
c:/program files (x86)/atmel/atmel toolchain/avr8 gcc/native/3.4.2.1002/avr8-gnu-toolchain/bin/../lib/gcc/avr/4.7.2/avrxmega4\libgcc.a(_udivmodhi4.o)
                              c:/program files (x86)/atmel/atmel toolchain/avr8 gcc/native/3.4.2.1002/avr8-gnu-toolchain/bin/../lib/gcc/avr/4.7.2/avrxmega4\libgcc.a(_divmodhi4.o) (__udivmodhi4)
c:/program files (x86)/atmel/atmel toolchain/avr8 gcc/native/3.4.2.1002/avr8-gnu-toolchain/bin/../lib/gcc/avr/4.7.2/avrxmega4\libgcc.a(_umulhisi3.o)
                              c:/program files (x86)/atmel/atmel toolchain/avr8 gcc/native/3.4.2.1002/avr8-gnu-toolchain/bin/../lib/gcc/avr/4.7.2/avrxmega4\libgcc.a(_muluhisi3.o) (__umulhisi3)
c:/program files (x86)/atmel/atmel toolchain/avr8 gcc/native/3.4.2.1002/avr8-gnu-toolchain/bin/../lib/gcc/avr/4.7.2/../../../../avr/lib/avrxmega4\libc.a(memchr.o)
                              src/configurations/keyboard.o (memchr)
c:/program files (x86)/atmel/atmel toolchain/avr8 gcc/native/3.4.2.1002/avr8-gnu-toolchain/bin/../lib/gcc/avr/4.7.2/../../../../avr/lib/avrxmega4\libc.a(memcpy.o)
                              src/configurations/gamepad.o (memcpy)
c:/program files (x86)/atmel/atmel toolchain/avr8 gcc/native/3.4.2.1002/avr8-gnu-toolchain/bin/../lib/gcc/avr/4.7.2/../../../../avr/lib/avrxmega4\libc.a(strcmp.o)
                              src/comm.o (strcmp)
c:/program files (x86)/atmel/atmel toolchain/avr8 gcc/native/3.4.2.1002/avr8-gnu-toolchain/bin/../lib/gcc/avr/4.7.2/../../../../avr/lib/avrxmega4\libc.a(strlen.o)
                              src/comm.o (strlen)
c:/program files (x86)/atmel/atmel toolchain/avr8 gcc/native/3.4.2.1002/avr8-gnu-toolchain/bin/../lib/gcc/avr/4.7.2/../../../../avr/lib/avrxmega4\libc.a(itoa.o)
                              src/usb.o (itoa)
c:/program files (x86)/atmel/atmel toolchain/avr8 gcc/native/3.4.2.1002/avr8-gnu-toolchain/bin/../lib/gcc/avr/4.7.2/../../../../avr/lib/avrxmega4\libc.a(strrev.o)
                              c:/program files (x86)/atmel/atmel toolchain/avr8 gcc/native/3.4.2.1002/avr8-gnu-toolchain/bin/../lib/gcc/avr/4.7.2/../../../../avr/lib/avrxmega4\libc.a(itoa.o) (strrev)

Allocating common symbols
Common symbol       size              file

bios                0x1               src/main.o
global_header       0x8               src/bios.o
turnedOn            0x1               src/main.o
pulse               0x1               src/main.o
sleepmgr_locks      0x6               src/asf/common/services/sleepmgr/xmega/sleepmgr.o
report              0xa               src/configurations/gamepad.o
biosUnused          0x8               src/bios.o
prev_report         0xa               src/configurations/gamepad.o
ccc                 0xbd              src/main.o

Discarded input sections

[...]
Memory Configuration

Name             Origin             Length             Attributes
text             0x00000000         0x00100000         xr
data             0x00802000         0x0000ffa0         rw !x
eeprom           0x00810000         0x00010000         rw !x
fuse             0x00820000         0x00000400         rw !x
lock             0x00830000         0x00000400         rw !x
signature        0x00840000         0x00000400         rw !x
user_signatures  0x00850000         0x00000400         rw !x
*default*        0x00000000         0xffffffff

Linker script and memory map

LOAD c:/program files (x86)/atmel/atmel toolchain/avr8 gcc/native/3.4.2.1002/avr8-gnu-toolchain/bin/../lib/gcc/avr/4.7.2/../../../../avr/lib/avrxmega4/crtx64d3.o
LOAD src/analog.o
LOAD src/asf/common/boards/user_board/init.o
LOAD src/battery_charger.o
LOAD src/bios.o
LOAD src/buttons.o
LOAD src/configurations/keyboard_ios.o
LOAD src/circular_buffer.o
LOAD src/comm.o
LOAD src/configurations.o
LOAD src/configurations/gamepad.o
LOAD src/configurations/j_stick.o
LOAD src/configurations/keyboard.o
LOAD src/configurations/keyboard_mouse.o
LOAD src/configurations/usb_serial.o
LOAD src/debug.o
LOAD src/drone_gamepad_config.o
LOAD src/drone_game_configurations.o
LOAD src/drone_ios_config.o
LOAD src/drone_joystick_config.o
LOAD src/drone_keyboard_config.o
LOAD src/drone_keyboard_mouse_config.o
LOAD src/joysticks.o
LOAD src/powerControl.o
LOAD src/RGB_LED.o
LOAD src/shared.o
LOAD src/strings.o
LOAD src/system_time.o
LOAD src/systick.o
LOAD src/usb.o
LOAD src/watchdog.o
LOAD src/asf/common/services/clock/xmega/sysclk.o
LOAD src/asf/common/services/ioport/xmega/ioport_compat.o
LOAD src/asf/common/services/serial/usart_serial.o
LOAD src/asf/common/services/sleepmgr/xmega/sleepmgr.o
LOAD src/asf/xmega/drivers/adc/adc.o
LOAD src/asf/xmega/drivers/adc/xmega_bcd/adc_bcd.o
LOAD src/asf/xmega/drivers/cpu/ccp.o
LOAD src/asf/xmega/drivers/nvm/nvm.o
LOAD src/asf/xmega/drivers/nvm/nvm_asm.o
LOAD src/asf/xmega/drivers/tc/tc.o
LOAD src/asf/xmega/drivers/usart/usart.o
LOAD src/asf/xmega/drivers/wdt/wdt.o
LOAD src/asf/xmega/services/pwm/pwm.o
LOAD src/bluetooth.o
LOAD src/main.o
START GROUP
END GROUP
LOAD c:/program files (x86)/atmel/atmel toolchain/avr8 gcc/native/3.4.2.1002/avr8-gnu-toolchain/bin/../lib/gcc/avr/4.7.2/avrxmega4\libgcc.a
LOAD c:/program files (x86)/atmel/atmel toolchain/avr8 gcc/native/3.4.2.1002/avr8-gnu-toolchain/bin/../lib/gcc/avr/4.7.2/../../../../avr/lib/avrxmega4\libc.a
LOAD c:/program files (x86)/atmel/atmel toolchain/avr8 gcc/native/3.4.2.1002/avr8-gnu-toolchain/bin/../lib/gcc/avr/4.7.2/avrxmega4\libgcc.a

.hash
 *(.hash)

.dynsym
 *(.dynsym)

.dynstr
 *(.dynstr)

.gnu.version
 *(.gnu.version)

.gnu.version_d
 *(.gnu.version_d)

.gnu.version_r
 *(.gnu.version_r)

.rel.init
 *(.rel.init)

.rela.init
 *(.rela.init)

.rel.text
 *(.rel.text)
 *(.rel.text.*)
 *(.rel.gnu.linkonce.t*)

.rela.text
 *(.rela.text)
 *(.rela.text.*)
 *(.rela.gnu.linkonce.t*)

.rel.fini
 *(.rel.fini)

.rela.fini
 *(.rela.fini)

.rel.rodata
 *(.rel.rodata)
 *(.rel.rodata.*)
 *(.rel.gnu.linkonce.r*)

.rela.rodata
 *(.rela.rodata)
 *(.rela.rodata.*)
 *(.rela.gnu.linkonce.r*)

.rel.data
 *(.rel.data)
 *(.rel.data.*)
 *(.rel.gnu.linkonce.d*)

.rela.data
 *(.rela.data)
 *(.rela.data.*)
 *(.rela.gnu.linkonce.d*)

.rel.ctors
 *(.rel.ctors)

.rela.ctors
 *(.rela.ctors)

.rel.dtors
 *(.rel.dtors)

.rela.dtors
 *(.rela.dtors)

.rel.got
 *(.rel.got)

.rela.got
 *(.rela.got)

.rel.bss
 *(.rel.bss)

.rela.bss
 *(.rela.bss)

.rel.plt
 *(.rel.plt)

.rela.plt
 *(.rela.plt)

.text           0x00000000     0x9384
 *(.vectors)
 .vectors       0x00000000      0x1c8 c:/program files (x86)/atmel/atmel toolchain/avr8 gcc/native/3.4.2.1002/avr8-gnu-toolchain/bin/../lib/gcc/avr/4.7.2/../../../../avr/lib/avrxmega4/crtx64d3.o
                0x00000000                __vector_default
                0x00000000                __vectors
 *(.vectors)
 *(.progmem.gcc*)
 *(.progmem*)
 .progmem.data.good
                0x000001c8        0x5 src/strings.o
                0x000001c8                good
 .progmem.data.bad
                0x000001cd        0x4 src/strings.o
                0x000001cd                bad
 .progmem.data.debuguartinit
                0x000001d1       0x12 src/strings.o
                0x000001d1                debuguartinit
 .progmem.data.sleepmgr_configs
                0x000001e3        0x6 src/asf/common/services/sleepmgr/xmega/sleepmgr.o
                0x000001e3                sleepmgr_configs
                0x000001ea                . = ALIGN (0x2)
 *fill*         0x000001e9        0x1 
                0x000001ea                __trampolines_start = .
 *(.trampolines)
 .trampolines   0x000001ea        0x0 linker stubs
 *(.trampolines*)
                0x000001ea                __trampolines_end = .
 *(.jumptables)
 *(.jumptables*)
 *(.lowtext)
 *(.lowtext*)
                0x000001ea                __ctors_start = .
 *(.ctors)
                0x000001ea                __ctors_end = .
                0x000001ea                __dtors_start = .
 *(.dtors)
                0x000001ea                __dtors_end = .
 SORT(*)(.ctors)
 SORT(*)(.dtors)
 *(.init0)
 .init0         0x000001ea        0x0 c:/program files (x86)/atmel/atmel toolchain/avr8 gcc/native/3.4.2.1002/avr8-gnu-toolchain/bin/../lib/gcc/avr/4.7.2/../../../../avr/lib/avrxmega4/crtx64d3.o
                0x000001ea                __init
 *(.init0)
 *(.init1)
 *(.init1)
 *(.init2)
 .init2         0x000001ea        0xc c:/program files (x86)/atmel/atmel toolchain/avr8 gcc/native/3.4.2.1002/avr8-gnu-toolchain/bin/../lib/gcc/avr/4.7.2/../../../../avr/lib/avrxmega4/crtx64d3.o
 *(.init2)
 *(.init3)
 *(.init3)
 *(.init4)
 .init4         0x000001f6       0x1a c:/program files (x86)/atmel/atmel toolchain/avr8 gcc/native/3.4.2.1002/avr8-gnu-toolchain/bin/../lib/gcc/avr/4.7.2/avrxmega4\libgcc.a(_copy_data.o)
                0x000001f6                __do_copy_data
 .init4         0x00000210       0x10 c:/program files (x86)/atmel/atmel toolchain/avr8 gcc/native/3.4.2.1002/avr8-gnu-toolchain/bin/../lib/gcc/avr/4.7.2/avrxmega4\libgcc.a(_clear_bss.o)
                0x00000210                __do_clear_bss
 *(.init4)
 *(.init5)
 *(.init5)
 *(.init6)
 *(.init6)
 *(.init7)
 *(.init7)
 *(.init8)
 *(.init8)
 *(.init9)
 .init9         0x00000220        0x8 c:/program files (x86)/atmel/atmel toolchain/avr8 gcc/native/3.4.2.1002/avr8-gnu-toolchain/bin/../lib/gcc/avr/4.7.2/../../../../avr/lib/avrxmega4/crtx64d3.o
 *(.init9)
 *(.text)
 .text          0x00000228        0x2 c:/program files (x86)/atmel/atmel toolchain/avr8 gcc/native/3.4.2.1002/avr8-gnu-toolchain/bin/../lib/gcc/avr/4.7.2/../../../../avr/lib/avrxmega4/crtx64d3.o
                0x00000228                __vector_38
                0x00000228                __vector_63
                0x00000228                __vector_28
                0x00000228                __vector_67
                0x00000228                __vector_1
                0x00000228                __vector_32
                0x00000228                __vector_75
                0x00000228                __vector_71
                0x00000228                __vector_91
                0x00000228                __vector_34
                0x00000228                __vector_62
                0x00000228                __vector_102
                0x00000228                __vector_24
                0x00000228                __vector_12
                0x00000228                __vector_55
                0x00000228                __vector_69
                0x00000228                __vector_90
                0x00000228                __vector_46
                0x00000228                __bad_interrupt
                0x00000228                __vector_72
                0x00000228                __vector_6
                0x00000228                __vector_31
                0x00000228                __vector_92
                0x00000228                __vector_35
                0x00000228                __vector_74
                0x00000228                __vector_39
                0x00000228                __vector_107
                0x00000228                __vector_3
                0x00000228                __vector_105
                0x00000228                __vector_98
                0x00000228                __vector_68
                0x00000228                __vector_30
                0x00000228                __vector_73
                0x00000228                __vector_45
                0x00000228                __vector_93
                0x00000228                __vector_61
                0x00000228                __vector_11
                0x00000228                __vector_54
                0x00000228                __vector_99
                0x00000228                __vector_13
                0x00000228                __vector_56
                0x00000228                __vector_7
                0x00000228                __vector_41
                0x00000228                __vector_86
                0x00000228                __vector_100
                0x00000228                __vector_101
                0x00000228                __vector_64
                0x00000228                __vector_88
                0x00000228                __vector_43
                0x00000228                __vector_27
                0x00000228                __vector_5
                0x00000228                __vector_33
                0x00000228                __vector_76
                0x00000228                __vector_37
                0x00000228                __vector_95
                0x00000228                __vector_103
                0x00000228                __vector_96
                0x00000228                __vector_89
                0x00000228                __vector_4
                0x00000228                __vector_44
                0x00000228                __vector_106
                0x00000228                __vector_9
                0x00000228                __vector_66
                0x00000228                __vector_36
                0x00000228                __vector_58
                0x00000228                __vector_70
                0x00000228                __vector_83
                0x00000228                __vector_29
                0x00000228                __vector_60
                0x00000228                __vector_40
                0x00000228                __vector_85
                0x00000228                __vector_94
                0x00000228                __vector_8
                0x00000228                __vector_84
                0x00000228                __vector_57
                0x00000228                __vector_53
                0x00000228                __vector_10
                0x00000228                __vector_59
                0x00000228                __vector_97
                0x00000228                __vector_42
                0x00000228                __vector_87
                0x00000228                __vector_65
                0x0000022a                . = ALIGN (0x2)
 *(.text.*)
 .text.cpu_irq_save
                0x0000022a       0x20 src/analog.o
 .text.cpu_irq_restore
                0x0000024a       0x1e src/analog.o
 .text.sysclk_get_main_hz
                0x00000268       0x1a src/analog.o
 .text.sysclk_get_per4_hz
                0x00000282       0x34 src/analog.o
 .text.sysclk_get_per2_hz
                0x000002b6       0x18 src/analog.o
 .text.sysclk_get_per_hz
                0x000002ce       0x18 src/analog.o
 .text.adc_start_conversion
                0x000002e6       0x4a src/analog.o
 .text.adc_get_interrupt_flag
                0x00000330       0x2a src/analog.o
 .text.adc_clear_interrupt_flag
                0x0000035a       0x28 src/analog.o
 .text.adc_wait_for_interrupt_flag
                0x00000382       0x36 src/analog.o
 .text.adc_set_clock_rate
                0x000003b8       0xd2 src/analog.o
 .text.adc_set_conversion_parameters
                0x0000048a       0x7c src/analog.o
 .text.adc_set_conversion_trigger
                0x00000506       0x8c src/analog.o
 .text.adcch_get_gain_setting
                0x00000592       0x8e src/analog.o
 .text.adcch_set_input
                0x00000620       0xda src/analog.o
 .text.setupAnalog
                0x000006fa       0x5a src/analog.o
                0x000006fa                setupAnalog
 .text.AdcInput
                0x00000754       0x2e src/analog.o
                0x00000754                AdcInput
 .text.AdcSample
                0x00000782       0x5c src/analog.o
                0x00000782                AdcSample
 .text.sampleAnalogChannel
                0x000007de       0x28 src/analog.o
                0x000007de                sampleAnalogChannel
 .text.enableAnalog
                0x00000806       0x16 src/analog.o
                0x00000806                enableAnalog
 .text.ioport_init
                0x0000081c        0xe src/asf/common/boards/user_board/init.o
 .text.ioport_set_pin_mode
                0x0000082a       0x86 src/asf/common/boards/user_board/init.o
 .text.ioport_set_pin_dir
                0x000008b0       0xb2 src/asf/common/boards/user_board/init.o
 .text.ioport_set_pin_level
                0x00000962       0xac src/asf/common/boards/user_board/init.o
 .text.board_init
                0x00000a0e      0x274 src/asf/common/boards/user_board/init.o
                0x00000a0e                board_init
 .text.cpu_irq_save
                0x00000c82       0x20 src/battery_charger.o
 .text.cpu_irq_restore
                0x00000ca2       0x1e src/battery_charger.o
 .text.ioport_set_pin_mode
                0x00000cc0       0x86 src/battery_charger.o
 .text.ioport_get_pin_level
                0x00000d46       0x82 src/battery_charger.o
 .text.reset_do_soft_reset
                0x00000dc8       0x14 src/battery_charger.o
 .text.__portable_avr_delay_cycles
                0x00000ddc        0xc src/battery_charger.o
 .text.IsChargingDone
                0x00000de8       0x30 src/battery_charger.o
                0x00000de8                IsChargingDone
 .text.MaintainControllerStatus
                0x00000e18      0x118 src/battery_charger.o
                0x00000e18                MaintainControllerStatus
 .text.SetupChrgStatPinExternalInterrupt
                0x00000f30       0xc8 src/battery_charger.o
                0x00000f30                SetupChrgStatPinExternalInterrupt
 .text.__vector_2
                0x00000ff8       0xbe src/battery_charger.o
                0x00000ff8                __vector_2
 .text.reset_do_soft_reset
                0x000010b6       0x14 src/bios.o
 .text.__portable_avr_delay_cycles
                0x000010ca        0xc src/bios.o
 .text.biosMain
                0x000010d6       0x62 src/bios.o
                0x000010d6                biosMain
 .text.ManufactureTestButtonPress
                0x00001138      0x22c src/bios.o
                0x00001138                ManufactureTestButtonPress
 .text.ioport_get_pin_level
                0x00001364       0x82 src/buttons.o
 .text.buttonActivated
                0x000013e6       0x6e src/buttons.o
                0x000013e6                buttonActivated
 .text.keyboardiOSInit
                0x00001454       0x28 src/configurations/keyboard_ios.o
                0x00001454                keyboardiOSInit
 .text.keyboardiOSButtonHandler
                0x0000147c      0x102 src/configurations/keyboard_ios.o
                0x0000147c                keyboardiOSButtonHandler
 .text.flushCB  0x0000157e       0x30 src/circular_buffer.o
 .text.cpu_irq_save
                0x000015ae       0x20 src/circular_buffer.o
 .text.cpu_irq_restore
                0x000015ce       0x1e src/circular_buffer.o
 .text.initCB   0x000015ec       0x4a src/circular_buffer.o
                0x000015ec                initCB
 .text.addByteToCB
                0x00001636       0xa0 src/circular_buffer.o
                0x00001636                addByteToCB
 .text.readByteFromCB
                0x000016d6       0xa0 src/circular_buffer.o
                0x000016d6                readByteFromCB
 .text.readFromCB
                0x00001776       0x52 src/circular_buffer.o
                0x00001776                readFromCB
 .text.readStringFromCB
                0x000017c8       0xec src/circular_buffer.o
                0x000017c8                readStringFromCB
 .text.ioport_set_pin_level
                0x000018b4       0xac src/comm.o
 .text.reset_do_soft_reset
                0x00001960       0x14 src/comm.o
 .text.__portable_avr_delay_cycles
                0x00001974        0xc src/comm.o
 .text.byteToASCIIHex
                0x00001980       0xae src/comm.o
                0x00001980                byteToASCIIHex
 .text.ASCIIHexToByte
                0x00001a2e       0x62 src/comm.o
                0x00001a2e                ASCIIHexToByte
 .text.processComm
                0x00001a90      0x10e src/comm.o
                0x00001a90                processComm
 .text.sendCommOK
                0x00001b9e       0x18 src/comm.o
                0x00001b9e                sendCommOK
 .text.sendCommNO
                0x00001bb6       0x18 src/comm.o
                0x00001bb6                sendCommNO
 .text.commRG   0x00001bce       0x6c src/comm.o
                0x00001bce                commRG
 .text.commAG   0x00001c3a       0x60 src/comm.o
                0x00001c3a                commAG
 .text.commWG   0x00001c9a       0xae src/comm.o
                0x00001c9a                commWG
 .text.commSG   0x00001d48       0x24 src/comm.o
                0x00001d48                commSG
 .text.commRC   0x00001d6c       0xb2 src/comm.o
                0x00001d6c                commRC
 .text.commAC   0x00001e1e       0x60 src/comm.o
                0x00001e1e                commAC
 .text.commWC   0x00001e7e       0xae src/comm.o
                0x00001e7e                commWC
 .text.commSC   0x00001f2c       0x6e src/comm.o
                0x00001f2c                commSC
 .text.commRS   0x00001f9a       0x26 src/comm.o
                0x00001f9a                commRS
 .text.commBL   0x00001fc0       0x28 src/comm.o
                0x00001fc0                commBL
 .text.commBU   0x00001fe8       0x70 src/comm.o
                0x00001fe8                commBU
 .text.readGlobalHeader
                0x00002058       0x2a src/configurations.o
                0x00002058                readGlobalHeader
 .text.writeGlobalHeader
                0x00002082       0x2a src/configurations.o
                0x00002082                writeGlobalHeader
 .text.readControllerConfig
                0x000020ac       0x58 src/configurations.o
                0x000020ac                readControllerConfig
 .text.writeControllerConfig
                0x00002104       0x58 src/configurations.o
                0x00002104                writeControllerConfig
 .text.loadConfiguration
                0x0000215c       0xa4 src/configurations.o
                0x0000215c                loadConfiguration
 .text.displayWhichConfiguration
                0x00002200      0x100 src/configurations.o
                0x00002200                displayWhichConfiguration
 .text.whichConfiguration
                0x00002300       0xb8 src/configurations.o
                0x00002300                whichConfiguration
 .text.gamepadInit
                0x000023b8       0x68 src/configurations/gamepad.o
                0x000023b8                gamepadInit
 .text.GamepadButtonChanged
                0x00002420       0x48 src/configurations/gamepad.o
                0x00002420                GamepadButtonChanged
 .text.GamepadJoystickChanged
                0x00002468       0x54 src/configurations/gamepad.o
                0x00002468                GamepadJoystickChanged
 .text.gamepadButtonHandler
                0x000024bc      0x79a src/configurations/gamepad.o
                0x000024bc                gamepadButtonHandler
 .text.gamepadJoystickHandler
                0x00002c56       0xd4 src/configurations/gamepad.o
                0x00002c56                gamepadJoystickHandler
 .text.GamepadSendReport
                0x00002d2a       0x50 src/configurations/gamepad.o
                0x00002d2a                GamepadSendReport
 .text.jStickInit
                0x00002d7a       0x68 src/configurations/j_stick.o
                0x00002d7a                jStickInit
 .text.jStickButtonChanged
                0x00002de2       0x48 src/configurations/j_stick.o
                0x00002de2                jStickButtonChanged
 .text.jStickJoystickChanged
                0x00002e2a       0x54 src/configurations/j_stick.o
                0x00002e2a                jStickJoystickChanged
 .text.jStickButtonHandler
                0x00002e7e      0x542 src/configurations/j_stick.o
                0x00002e7e                jStickButtonHandler
 .text.jStickJoystickHandler
                0x000033c0       0xd4 src/configurations/j_stick.o
                0x000033c0                jStickJoystickHandler
 .text.jStickSendReport
                0x00003494       0x50 src/configurations/j_stick.o
                0x00003494                jStickSendReport
 .text.keyboardInit
                0x000034e4       0x28 src/configurations/keyboard.o
                0x000034e4                keyboardInit
 .text.keyboardButtonHandler
                0x0000350c       0x1e src/configurations/keyboard.o
                0x0000350c                keyboardButtonHandler
 .text.keyboardJoystickHandler
                0x0000352a      0x230 src/configurations/keyboard.o
                0x0000352a                keyboardJoystickHandler
 .text.ChangeButtonPressState
                0x0000375a      0x390 src/configurations/keyboard.o
                0x0000375a                ChangeButtonPressState
 .text.keyboardMouseInit
                0x00003aea       0x38 src/configurations/keyboard_mouse.o
                0x00003aea                keyboardMouseInit
 .text.keyboadMouseButtonHandler
                0x00003b22       0x1e src/configurations/keyboard_mouse.o
                0x00003b22                keyboadMouseButtonHandler
 .text.keyboardMouseJoystickHandler
                0x00003b40      0x3b2 src/configurations/keyboard_mouse.o
                0x00003b40                keyboardMouseJoystickHandler
 .text.changeButtonState
                0x00003ef2      0x3b4 src/configurations/keyboard_mouse.o
                0x00003ef2                changeButtonState
 .text.setupDbg
                0x000042a6       0x9e src/debug.o
                0x000042a6                setupDbg
 .text.sendDBGChar
                0x00004344       0x1e src/debug.o
                0x00004344                sendDBGChar
 .text.sendDBGString
                0x00004362       0x3e src/debug.o
                0x00004362                sendDBGString
 .text.sendDBGLine
                0x000043a0       0x26 src/debug.o
                0x000043a0                sendDBGLine
 .text.SimpleJoystickAdj
                0x000043c6      0x112 src/joysticks.o
                0x000043c6                SimpleJoystickAdj
 .text.AnalogJoystickAdj
                0x000044d8      0x250 src/joysticks.o
                0x000044d8                AnalogJoystickAdj
 .text.MouseJoystickAdj
                0x00004728      0x168 src/joysticks.o
                0x00004728                MouseJoystickAdj
 .text.sleep_set_mode
                0x00004890       0x2c src/powerControl.o
 .text.ioport_get_pin_level
                0x000048bc       0x82 src/powerControl.o
 .text.reset_do_soft_reset
                0x0000493e       0x14 src/powerControl.o
 .text.__portable_avr_delay_cycles
                0x00004952        0xc src/powerControl.o
 .text.powerOff
                0x0000495e       0x66 src/powerControl.o
                0x0000495e                powerOff
 .text.Wakeup   0x000049c4       0x6a src/powerControl.o
                0x000049c4                Wakeup
 .text.checkForStartUp
                0x00004a2e       0x92 src/powerControl.o
                0x00004a2e                checkForStartUp
 .text.powerOn  0x00004ac0       0x2a src/powerControl.o
                0x00004ac0                powerOn
 .text.tc_write_cc_buffer
                0x00004aea       0xdc src/RGB_LED.o
 .text.pwm_set_duty_cycle_percent
                0x00004bc6       0x70 src/RGB_LED.o
 .text.setupLEDs
                0x00004c36       0x68 src/RGB_LED.o
                0x00004c36                setupLEDs
 .text.setRedLEDValue
                0x00004c9e       0x30 src/RGB_LED.o
                0x00004c9e                setRedLEDValue
 .text.setGreenLEDValue
                0x00004cce       0x52 src/RGB_LED.o
                0x00004cce                setGreenLEDValue
 .text.setBlueLEDValue
                0x00004d20       0x52 src/RGB_LED.o
                0x00004d20                setBlueLEDValue
 .text.setLEDValue
                0x00004d72       0x2a src/RGB_LED.o
                0x00004d72                setLEDValue
 .text.cpu_irq_save
                0x00004d9c       0x20 src/system_time.o
 .text.cpu_irq_restore
                0x00004dbc       0x1e src/system_time.o
 .text.getSystemTime
                0x00004dda       0x46 src/system_time.o
                0x00004dda                getSystemTime
 .text.tickSystemTime
                0x00004e20       0x40 src/system_time.o
                0x00004e20                tickSystemTime
 .text.startTimeout
                0x00004e60       0x50 src/system_time.o
                0x00004e60                startTimeout
 .text.checkTimeout
                0x00004eb0       0x6e src/system_time.o
                0x00004eb0                checkTimeout
 .text.cancelTimeout
                0x00004f1e       0x26 src/system_time.o
                0x00004f1e                cancelTimeout
 .text.tc_set_overflow_interrupt_level
                0x00004f44       0x48 src/systick.o
 .text.tc_write_clock_source
                0x00004f8c       0x38 src/systick.o
 .text.tc_set_direction
                0x00004fc4       0x4e src/systick.o
 .text.tc_write_count
                0x00005012       0x2e src/systick.o
 .text.tc_write_period
                0x00005040       0x2e src/systick.o
 .text.tc_clear_overflow
                0x0000506e       0x2c src/systick.o
 .text.tc_set_wgm
                0x0000509a       0x38 src/systick.o
 .text.setupSysTick
                0x000050d2       0x60 src/systick.o
                0x000050d2                setupSysTick
 .text.enableSysTick
                0x00005132       0x16 src/systick.o
                0x00005132                enableSysTick
 .text.disableSysTick
                0x00005148       0x16 src/systick.o
                0x00005148                disableSysTick
 .text.clearSysTickFlag
                0x0000515e       0x14 src/systick.o
                0x0000515e                clearSysTickFlag
 .text.cpu_irq_save
                0x00005172       0x20 src/usb.o
 .text.cpu_irq_restore
                0x00005192       0x1e src/usb.o
 .text.reset_do_soft_reset
                0x000051b0       0x12 src/usb.o
 .text.usart_set_rx_interrupt_level
                0x000051c2       0x48 src/usb.o
 .text.usart_set_dre_interrupt_level
                0x0000520a       0x38 src/usb.o
 .text.usart_clear_rx_complete
                0x00005242       0x22 src/usb.o
 .text.usart_put
                0x00005264       0x28 src/usb.o
 .text.usart_get
                0x0000528c       0x20 src/usb.o
 .text.setupUsb
                0x000052ac       0x5e src/usb.o
                0x000052ac                setupUsb
 .text.sendUSBChar
                0x0000530a       0x32 src/usb.o
                0x0000530a                sendUSBChar
 .text.sendUSBString
                0x0000533c       0x4e src/usb.o
                0x0000533c                sendUSBString
 .text.sendUSBLine
                0x0000538a       0x28 src/usb.o
                0x0000538a                sendUSBLine
 .text.recvUSBString
                0x000053b2       0x2e src/usb.o
                0x000053b2                recvUSBString
 .text.__vector_25
                0x000053e0       0x90 src/usb.o
                0x000053e0                __vector_25
 .text.__vector_26
                0x00005470       0x8a src/usb.o
                0x00005470                __vector_26
 .text.PrintXY  0x000054fa       0x5e src/usb.o
                0x000054fa                PrintXY
 .text.WatchdogInit
                0x00005558       0x18 src/watchdog.o
                0x00005558                WatchdogInit
 .text.WatchdogPet
                0x00005570       0x18 src/watchdog.o
                0x00005570                WatchdogPet
 .text.WatchdogValidate
                0x00005588       0x3e src/watchdog.o
                0x00005588                WatchdogValidate
 .text.WatchDogEnable
                0x000055c6       0x24 src/watchdog.o
                0x000055c6                WatchDogEnable
 .text.WatchdogTaskRunning
                0x000055ea       0x42 src/watchdog.o
                0x000055ea                WatchdogTaskRunning
 .text.cpu_irq_save
                0x0000562c       0x20 src/asf/common/services/clock/xmega/sysclk.o
 .text.cpu_irq_restore
                0x0000564c       0x1e src/asf/common/services/clock/xmega/sysclk.o
 .text.osc_enable_internal
                0x0000566a       0x32 src/asf/common/services/clock/xmega/sysclk.o
 .text.osc_enable_external
                0x0000569c       0x14 src/asf/common/services/clock/xmega/sysclk.o
 .text.osc_disable
                0x000056b0       0x36 src/asf/common/services/clock/xmega/sysclk.o
 .text.osc_enable
                0x000056e6       0x24 src/asf/common/services/clock/xmega/sysclk.o
 .text.osc_is_ready
                0x0000570a       0x28 src/asf/common/services/clock/xmega/sysclk.o
 .text.osc_wait_ready
                0x00005732       0x24 src/asf/common/services/clock/xmega/sysclk.o
 .text.sysclk_init
                0x00005756       0x66 src/asf/common/services/clock/xmega/sysclk.o
                0x00005756                sysclk_init
 .text.sysclk_enable_module
                0x000057bc       0x48 src/asf/common/services/clock/xmega/sysclk.o
                0x000057bc                sysclk_enable_module
 .text.sysclk_disable_module
                0x00005804       0x44 src/asf/common/services/clock/xmega/sysclk.o
                0x00005804                sysclk_disable_module
 .text.cpu_irq_save
                0x00005848       0x20 src/asf/xmega/drivers/adc/adc.o
 .text.cpu_irq_restore
                0x00005868       0x1e src/asf/xmega/drivers/adc/adc.o
 .text.sleepmgr_lock_mode
                0x00005886       0x38 src/asf/xmega/drivers/adc/adc.o
 .text.adc_enable_clock
                0x000058be       0x40 src/asf/xmega/drivers/adc/adc.o
                0x000058be                adc_enable_clock
 .text.adc_disable_clock
                0x000058fe       0x3c src/asf/xmega/drivers/adc/adc.o
                0x000058fe                adc_disable_clock
 .text.adc_enable
                0x0000593a       0x42 src/asf/xmega/drivers/adc/adc.o
                0x0000593a                adc_enable
 .text.cpu_irq_save
                0x0000597c       0x20 src/asf/xmega/drivers/adc/xmega_bcd/adc_bcd.o
 .text.cpu_irq_restore
                0x0000599c       0x1e src/asf/xmega/drivers/adc/xmega_bcd/adc_bcd.o
 .text.nvm_read_production_signature_row
                0x000059ba       0x20 src/asf/xmega/drivers/adc/xmega_bcd/adc_bcd.o
 .text.adc_get_calibration_data
                0x000059da       0x90 src/asf/xmega/drivers/adc/xmega_bcd/adc_bcd.o
 .text.adc_write_configuration
                0x00005a6a       0xd2 src/asf/xmega/drivers/adc/xmega_bcd/adc_bcd.o
                0x00005a6a                adc_write_configuration
 .text.adc_read_configuration
                0x00005b3c       0x8a src/asf/xmega/drivers/adc/xmega_bcd/adc_bcd.o
                0x00005b3c                adc_read_configuration
 .text.adcch_write_configuration
                0x00005bc6       0x9a src/asf/xmega/drivers/adc/xmega_bcd/adc_bcd.o
                0x00005bc6                adcch_write_configuration
 .text.adcch_read_configuration
                0x00005c60       0x9a src/asf/xmega/drivers/adc/xmega_bcd/adc_bcd.o
                0x00005c60                adcch_read_configuration
 .text.ccp_write_io
                0x00005cfa        0xc src/asf/xmega/drivers/cpu/ccp.o
                0x00005cfa                ccp_write_io
 .text.nvm_wait_until_ready
                0x00005d06       0x1a src/asf/xmega/drivers/nvm/nvm.o
 .text.nvm_exec
                0x00005d20       0x16 src/asf/xmega/drivers/nvm/nvm.o
 .text.nvm_issue_command
                0x00005d36       0x3c src/asf/xmega/drivers/nvm/nvm.o
 .text.eeprom_enable_mapping
                0x00005d72       0x20 src/asf/xmega/drivers/nvm/nvm.o
 .text.eeprom_disable_mapping
                0x00005d92       0x20 src/asf/xmega/drivers/nvm/nvm.o
 .text.nvm_eeprom_read_buffer
                0x00005db2       0x42 src/asf/xmega/drivers/nvm/nvm.o
                0x00005db2                nvm_eeprom_read_buffer
 .text.nvm_eeprom_write_byte
                0x00005df4       0x78 src/asf/xmega/drivers/nvm/nvm.o
                0x00005df4                nvm_eeprom_write_byte
 .text.nvm_eeprom_erase_and_write_buffer
                0x00005e6c       0xb4 src/asf/xmega/drivers/nvm/nvm.o
                0x00005e6c                nvm_eeprom_erase_and_write_buffer
 .text.nvm_eeprom_flush_buffer
                0x00005f20       0x30 src/asf/xmega/drivers/nvm/nvm.o
                0x00005f20                nvm_eeprom_flush_buffer
 .text.nvm_eeprom_load_page_to_buffer
                0x00005f50       0x80 src/asf/xmega/drivers/nvm/nvm.o
                0x00005f50                nvm_eeprom_load_page_to_buffer
 .text.nvm_eeprom_atomic_write_page
                0x00005fd0       0x5c src/asf/xmega/drivers/nvm/nvm.o
                0x00005fd0                nvm_eeprom_atomic_write_page
 .text.nvm_read_byte
                0x0000602c       0x14 src/asf/xmega/drivers/nvm/nvm_asm.o
                0x0000602c                nvm_read_byte
 .text.cpu_irq_save
                0x00006040       0x20 src/asf/xmega/drivers/tc/tc.o
 .text.cpu_irq_restore
                0x00006060       0x1e src/asf/xmega/drivers/tc/tc.o
 .text.sleepmgr_lock_mode
                0x0000607e       0x38 src/asf/xmega/drivers/tc/tc.o
 .text.sleepmgr_unlock_mode
                0x000060b6       0x38 src/asf/xmega/drivers/tc/tc.o
 .text.__vector_14
                0x000060ee       0x78 src/asf/xmega/drivers/tc/tc.o
                0x000060ee                __vector_14
 .text.__vector_15
                0x00006166       0x78 src/asf/xmega/drivers/tc/tc.o
                0x00006166                __vector_15
 .text.__vector_16
                0x000061de       0x78 src/asf/xmega/drivers/tc/tc.o
                0x000061de                __vector_16
 .text.__vector_17
                0x00006256       0x78 src/asf/xmega/drivers/tc/tc.o
                0x00006256                __vector_17
 .text.__vector_18
                0x000062ce       0x78 src/asf/xmega/drivers/tc/tc.o
                0x000062ce                __vector_18
 .text.__vector_19
                0x00006346       0x78 src/asf/xmega/drivers/tc/tc.o
                0x00006346                __vector_19
 .text.__vector_20
                0x000063be       0x78 src/asf/xmega/drivers/tc/tc.o
                0x000063be                __vector_20
 .text.__vector_21
                0x00006436       0x78 src/asf/xmega/drivers/tc/tc.o
                0x00006436                __vector_21
 .text.__vector_22
                0x000064ae       0x78 src/asf/xmega/drivers/tc/tc.o
                0x000064ae                __vector_22
 .text.__vector_23
                0x00006526       0x78 src/asf/xmega/drivers/tc/tc.o
                0x00006526                __vector_23
 .text.__vector_77
                0x0000659e       0x78 src/asf/xmega/drivers/tc/tc.o
                0x0000659e                __vector_77
 .text.__vector_78
                0x00006616       0x78 src/asf/xmega/drivers/tc/tc.o
                0x00006616                __vector_78
 .text.__vector_79
                0x0000668e       0x78 src/asf/xmega/drivers/tc/tc.o
                0x0000668e                __vector_79
 .text.__vector_80
                0x00006706       0x78 src/asf/xmega/drivers/tc/tc.o
                0x00006706                __vector_80
 .text.__vector_81
                0x0000677e       0x78 src/asf/xmega/drivers/tc/tc.o
                0x0000677e                __vector_81
 .text.__vector_82
                0x000067f6       0x78 src/asf/xmega/drivers/tc/tc.o
                0x000067f6                __vector_82
 .text.__vector_47
                0x0000686e       0x78 src/asf/xmega/drivers/tc/tc.o
                0x0000686e                __vector_47
 .text.__vector_48
                0x000068e6       0x78 src/asf/xmega/drivers/tc/tc.o
                0x000068e6                __vector_48
 .text.__vector_49
                0x0000695e       0x78 src/asf/xmega/drivers/tc/tc.o
                0x0000695e                __vector_49
 .text.__vector_50
                0x000069d6       0x78 src/asf/xmega/drivers/tc/tc.o
                0x000069d6                __vector_50
 .text.__vector_51
                0x00006a4e       0x78 src/asf/xmega/drivers/tc/tc.o
                0x00006a4e                __vector_51
 .text.__vector_52
                0x00006ac6       0x78 src/asf/xmega/drivers/tc/tc.o
                0x00006ac6                __vector_52
 .text.__vector_108
                0x00006b3e       0x78 src/asf/xmega/drivers/tc/tc.o
                0x00006b3e                __vector_108
 .text.__vector_109
                0x00006bb6       0x78 src/asf/xmega/drivers/tc/tc.o
                0x00006bb6                __vector_109
 .text.__vector_110
                0x00006c2e       0x78 src/asf/xmega/drivers/tc/tc.o
                0x00006c2e                __vector_110
 .text.__vector_111
                0x00006ca6       0x78 src/asf/xmega/drivers/tc/tc.o
                0x00006ca6                __vector_111
 .text.__vector_112
                0x00006d1e       0x78 src/asf/xmega/drivers/tc/tc.o
                0x00006d1e                __vector_112
 .text.__vector_113
                0x00006d96       0x78 src/asf/xmega/drivers/tc/tc.o
                0x00006d96                __vector_113
 .text.tc_enable
                0x00006e0e       0xc4 src/asf/xmega/drivers/tc/tc.o
                0x00006e0e                tc_enable
 .text.tc_disable
                0x00006ed2       0xc4 src/asf/xmega/drivers/tc/tc.o
                0x00006ed2                tc_disable
 .text.tc_set_overflow_interrupt_callback
                0x00006f96       0xa0 src/asf/xmega/drivers/tc/tc.o
                0x00006f96                tc_set_overflow_interrupt_callback
 .text.usart_rx_enable
                0x00007036       0x2c src/asf/xmega/drivers/usart/usart.o
 .text.usart_format_set
                0x00007062       0x44 src/asf/xmega/drivers/usart/usart.o
 .text.usart_tx_enable
                0x000070a6       0x2c src/asf/xmega/drivers/usart/usart.o
 .text.usart_set_mode
                0x000070d2       0x38 src/asf/xmega/drivers/usart/usart.o
 .text.usart_data_register_is_empty
                0x0000710a       0x32 src/asf/xmega/drivers/usart/usart.o
 .text.sysclk_get_main_hz
                0x0000713c       0x1a src/asf/xmega/drivers/usart/usart.o
 .text.sysclk_get_per4_hz
                0x00007156       0x34 src/asf/xmega/drivers/usart/usart.o
 .text.sysclk_get_per2_hz
                0x0000718a       0x18 src/asf/xmega/drivers/usart/usart.o
 .text.sysclk_get_per_hz
                0x000071a2       0x18 src/asf/xmega/drivers/usart/usart.o
 .text.usart_enable_module_clock
                0x000071ba       0x54 src/asf/xmega/drivers/usart/usart.o
 .text.usart_init_rs232
                0x0000720e       0x8c src/asf/xmega/drivers/usart/usart.o
                0x0000720e                usart_init_rs232
 .text.usart_putchar
                0x0000729a       0x3e src/asf/xmega/drivers/usart/usart.o
                0x0000729a                usart_putchar
 .text.usart_set_baudrate
                0x000072d8      0x374 src/asf/xmega/drivers/usart/usart.o
                0x000072d8                usart_set_baudrate
 .text.wdt_wait_while_busy
                0x0000764c       0x24 src/asf/xmega/drivers/wdt/wdt.o
 .text.wdt_set_timeout_period
                0x00007670       0x44 src/asf/xmega/drivers/wdt/wdt.o
                0x00007670                wdt_set_timeout_period
 .text.wdt_disable
                0x000076b4       0x2a src/asf/xmega/drivers/wdt/wdt.o
                0x000076b4                wdt_disable
 .text.wdt_enable
                0x000076de       0x2c src/asf/xmega/drivers/wdt/wdt.o
                0x000076de                wdt_enable
 .text.sysclk_get_main_hz
                0x0000770a       0x1a src/asf/xmega/services/pwm/pwm.o
 .text.sysclk_get_per4_hz
                0x00007724       0x34 src/asf/xmega/services/pwm/pwm.o
 .text.sysclk_get_per2_hz
                0x00007758       0x18 src/asf/xmega/services/pwm/pwm.o
 .text.sysclk_get_per_hz
                0x00007770       0x18 src/asf/xmega/services/pwm/pwm.o
 .text.sysclk_get_cpu_hz
                0x00007788       0x18 src/asf/xmega/services/pwm/pwm.o
 .text.tc_write_clock_source
                0x000077a0       0x38 src/asf/xmega/services/pwm/pwm.o
 .text.tc_write_period
                0x000077d8       0x2e src/asf/xmega/services/pwm/pwm.o
 .text.tc_enable_cc_channels
                0x00007806       0x68 src/asf/xmega/services/pwm/pwm.o
 .text.tc_write_cc_buffer
                0x0000786e       0xdc src/asf/xmega/services/pwm/pwm.o
 .text.tc_set_wgm
                0x0000794a       0x38 src/asf/xmega/services/pwm/pwm.o
 .text.pwm_set_duty_cycle_percent
                0x00007982       0x70 src/asf/xmega/services/pwm/pwm.o
 .text.pwm_set_frequency
                0x000079f2      0x18e src/asf/xmega/services/pwm/pwm.o
                0x000079f2                pwm_set_frequency
 .text.pwm_init
                0x00007b80      0x25a src/asf/xmega/services/pwm/pwm.o
                0x00007b80                pwm_init
 .text.pwm_start
                0x00007dda       0x6a src/asf/xmega/services/pwm/pwm.o
                0x00007dda                pwm_start
 .text.ioport_set_pin_level
                0x00007e44       0xac src/bluetooth.o
 .text.ioport_get_pin_level
                0x00007ef0       0x82 src/bluetooth.o
 .text.__portable_avr_delay_cycles
                0x00007f72        0xc src/bluetooth.o
 .text.setupBluetoothFast
                0x00007f7e       0x8e src/bluetooth.o
                0x00007f7e                setupBluetoothFast
 .text.sendBTHexPair
                0x0000800c       0x64 src/bluetooth.o
                0x0000800c                sendBTHexPair
 .text.sendBTChar
                0x00008070       0x26 src/bluetooth.o
                0x00008070                sendBTChar
 .text.sendBTString
                0x00008096       0x3e src/bluetooth.o
                0x00008096                sendBTString
 .text.sendBTCmd
                0x000080d4       0x32 src/bluetooth.o
                0x000080d4                sendBTCmd
 .text.turnBTOn
                0x00008106       0x54 src/bluetooth.o
                0x00008106                turnBTOn
 .text.turnBTOff
                0x0000815a       0x2e src/bluetooth.o
                0x0000815a                turnBTOff
 .text.initBTComms
                0x00008188       0x4a src/bluetooth.o
                0x00008188                initBTComms
 .text.bt_exitBypass
                0x000081d2       0x30 src/bluetooth.o
                0x000081d2                bt_exitBypass
 .text.bt_homeButton
                0x00008202       0x38 src/bluetooth.o
                0x00008202                bt_homeButton
 .text.hardwareflowcontrol
                0x0000823a       0x62 src/bluetooth.o
                0x0000823a                hardwareflowcontrol
 .text.btFactoryReset
                0x0000829c       0x28 src/bluetooth.o
                0x0000829c                btFactoryReset
 .text.btIsConnected
                0x000082c4       0x28 src/bluetooth.o
                0x000082c4                btIsConnected
 .text.btClearAutoConnectList
                0x000082ec       0x1a src/bluetooth.o
                0x000082ec                btClearAutoConnectList
 .text.BluetoothKeyboardMode
                0x00008306       0x14 src/bluetooth.o
                0x00008306                BluetoothKeyboardMode
 .text.BluetoothComboMode
                0x0000831a       0x14 src/bluetooth.o
                0x0000831a                BluetoothComboMode
 .text.BluetoothGamePadMode
                0x0000832e       0x14 src/bluetooth.o
                0x0000832e                BluetoothGamePadMode
 .text.BluetoothJoystickMode
                0x00008342       0x14 src/bluetooth.o
                0x00008342                BluetoothJoystickMode
 .text.cpu_irq_save
                0x00008356       0x20 src/main.o
 .text.cpu_irq_restore
                0x00008376       0x1e src/main.o
 .text.sleep_set_mode
                0x00008394       0x2c src/main.o
 .text.sleepmgr_sleep
                0x000083c0       0x64 src/main.o
 .text.sleepmgr_init
                0x00008424       0x36 src/main.o
 .text.reset_do_soft_reset
                0x0000845a       0x14 src/main.o
 .text.__portable_avr_delay_cycles
                0x0000846e        0xc src/main.o
 .text.pmic_init
                0x0000847a       0x18 src/main.o
 .text.main     0x00008492      0xa6c src/main.o
                0x00008492                main
 .text.sysTickCallback
                0x00008efe       0x44 src/main.o
                0x00008efe                sysTickCallback
 .text.selectHandlers
                0x00008f42      0x112 src/main.o
                0x00008f42                selectHandlers
 .text.SetupStartPinExternalInterrupt
                0x00009054       0xc8 src/main.o
                0x00009054                SetupStartPinExternalInterrupt
 .text.__vector_104
                0x0000911c       0x98 src/main.o
                0x0000911c                __vector_104
 .text.libgcc.mul
                0x000091b4       0x1e c:/program files (x86)/atmel/atmel toolchain/avr8 gcc/native/3.4.2.1002/avr8-gnu-toolchain/bin/../lib/gcc/avr/4.7.2/avrxmega4\libgcc.a(_mulsi3.o)
                0x000091b4                __mulsi3
 .text.libgcc.div
                0x000091d2       0x26 c:/program files (x86)/atmel/atmel toolchain/avr8 gcc/native/3.4.2.1002/avr8-gnu-toolchain/bin/../lib/gcc/avr/4.7.2/avrxmega4\libgcc.a(_divmodhi4.o)
                0x000091d2                _div
                0x000091d2                __divmodhi4
 .text.libgcc.div
                0x000091f8       0x44 c:/program files (x86)/atmel/atmel toolchain/avr8 gcc/native/3.4.2.1002/avr8-gnu-toolchain/bin/../lib/gcc/avr/4.7.2/avrxmega4\libgcc.a(_udivmodsi4.o)
                0x000091f8                __udivmodsi4
 .text.libgcc.div
                0x0000923c       0x36 c:/program files (x86)/atmel/atmel toolchain/avr8 gcc/native/3.4.2.1002/avr8-gnu-toolchain/bin/../lib/gcc/avr/4.7.2/avrxmega4\libgcc.a(_divmodsi4.o)
                0x0000923c                __divmodsi4
 .text.libgcc.mul
                0x00009272       0x14 c:/program files (x86)/atmel/atmel toolchain/avr8 gcc/native/3.4.2.1002/avr8-gnu-toolchain/bin/../lib/gcc/avr/4.7.2/avrxmega4\libgcc.a(_muluhisi3.o)
                0x00009272                __muluhisi3
 .text.libgcc.mul
                0x00009286        0xc c:/program files (x86)/atmel/atmel toolchain/avr8 gcc/native/3.4.2.1002/avr8-gnu-toolchain/bin/../lib/gcc/avr/4.7.2/avrxmega4\libgcc.a(_mulshisi3.o)
                0x00009286                __mulshisi3
                0x0000928a                __mulohisi3
 .text.libgcc.div
                0x00009292       0x28 c:/program files (x86)/atmel/atmel toolchain/avr8 gcc/native/3.4.2.1002/avr8-gnu-toolchain/bin/../lib/gcc/avr/4.7.2/avrxmega4\libgcc.a(_udivmodhi4.o)
                0x00009292                __udivmodhi4
 .text.libgcc.mul
                0x000092ba       0x18 c:/program files (x86)/atmel/atmel toolchain/avr8 gcc/native/3.4.2.1002/avr8-gnu-toolchain/bin/../lib/gcc/avr/4.7.2/avrxmega4\libgcc.a(_umulhisi3.o)
                0x000092ba                __umulhisi3
 .text.avr-libc
                0x000092d2       0x1a c:/program files (x86)/atmel/atmel toolchain/avr8 gcc/native/3.4.2.1002/avr8-gnu-toolchain/bin/../lib/gcc/avr/4.7.2/../../../../avr/lib/avrxmega4\libc.a(memchr.o)
                0x000092d2                memchr
 .text.avr-libc
                0x000092ec       0x12 c:/program files (x86)/atmel/atmel toolchain/avr8 gcc/native/3.4.2.1002/avr8-gnu-toolchain/bin/../lib/gcc/avr/4.7.2/../../../../avr/lib/avrxmega4\libc.a(memcpy.o)
                0x000092ec                memcpy
 .text.avr-libc
                0x000092fe       0x12 c:/program files (x86)/atmel/atmel toolchain/avr8 gcc/native/3.4.2.1002/avr8-gnu-toolchain/bin/../lib/gcc/avr/4.7.2/../../../../avr/lib/avrxmega4\libc.a(strcmp.o)
                0x000092fe                strcmp
 .text.avr-libc
                0x00009310       0x12 c:/program files (x86)/atmel/atmel toolchain/avr8 gcc/native/3.4.2.1002/avr8-gnu-toolchain/bin/../lib/gcc/avr/4.7.2/../../../../avr/lib/avrxmega4\libc.a(strlen.o)
                0x00009310                strlen
 .text.avr-libc
                0x00009322       0x3e c:/program files (x86)/atmel/atmel toolchain/avr8 gcc/native/3.4.2.1002/avr8-gnu-toolchain/bin/../lib/gcc/avr/4.7.2/../../../../avr/lib/avrxmega4\libc.a(itoa.o)
                0x00009322                itoa
 .text.avr-libc
                0x00009360       0x20 c:/program files (x86)/atmel/atmel toolchain/avr8 gcc/native/3.4.2.1002/avr8-gnu-toolchain/bin/../lib/gcc/avr/4.7.2/../../../../avr/lib/avrxmega4\libc.a(strrev.o)
                0x00009360                strrev
                0x00009380                . = ALIGN (0x2)
 *(.fini9)
 .fini9         0x00009380        0x0 c:/program files (x86)/atmel/atmel toolchain/avr8 gcc/native/3.4.2.1002/avr8-gnu-toolchain/bin/../lib/gcc/avr/4.7.2/avrxmega4\libgcc.a(_exit.o)
                0x00009380                _exit
                0x00009380                exit
 *(.fini9)
 *(.fini8)
 *(.fini8)
 *(.fini7)
 *(.fini7)
 *(.fini6)
 *(.fini6)
 *(.fini5)
 *(.fini5)
 *(.fini4)
 *(.fini4)
 *(.fini3)
 *(.fini3)
 *(.fini2)
 *(.fini2)
 *(.fini1)
 *(.fini1)
 *(.fini0)
 .fini0         0x00009380        0x4 c:/program files (x86)/atmel/atmel toolchain/avr8 gcc/native/3.4.2.1002/avr8-gnu-toolchain/bin/../lib/gcc/avr/4.7.2/avrxmega4\libgcc.a(_exit.o)
 *(.fini0)
                0x00009384                _etext = .

.data           0x00802000      0x652 load address 0x00009384
                0x00802000                PROVIDE (__data_start, .)
 *(.data)
 .data          0x00802000        0x0 c:/program files (x86)/atmel/atmel toolchain/avr8 gcc/native/3.4.2.1002/avr8-gnu-toolchain/bin/../lib/gcc/avr/4.7.2/../../../../avr/lib/avrxmega4/crtx64d3.o
 .data          0x00802000        0x0 src/analog.o
 .data          0x00802000        0x0 src/asf/common/boards/user_board/init.o
 .data          0x00802000        0x0 src/battery_charger.o
 .data          0x00802000        0x0 src/bios.o
 .data          0x00802000        0x0 src/buttons.o
 .data          0x00802000        0x0 src/configurations/keyboard_ios.o
 .data          0x00802000        0x0 src/circular_buffer.o
 .data          0x00802000        0x0 src/comm.o
 .data          0x00802000        0x0 src/configurations.o
 .data          0x00802000        0x0 src/configurations/gamepad.o
 .data          0x00802000        0x0 src/configurations/j_stick.o
 .data          0x00802000        0x0 src/configurations/keyboard.o
 .data          0x00802000        0x0 src/configurations/keyboard_mouse.o
 .data          0x00802000        0x0 src/configurations/usb_serial.o
 .data          0x00802000        0x0 src/debug.o
 .data          0x00802000        0x0 src/drone_gamepad_config.o
 .data          0x00802000        0x0 src/drone_game_configurations.o
 .data          0x00802000        0x0 src/drone_ios_config.o
 .data          0x00802000        0x0 src/drone_joystick_config.o
 .data          0x00802000        0x0 src/drone_keyboard_config.o
 .data          0x00802000        0x0 src/drone_keyboard_mouse_config.o
 .data          0x00802000        0x0 src/joysticks.o
 .data          0x00802000        0x0 src/powerControl.o
 .data          0x00802000        0x0 src/RGB_LED.o
 .data          0x00802000        0x0 src/shared.o
 .data          0x00802000        0x0 src/strings.o
 .data          0x00802000        0x0 src/system_time.o
 .data          0x00802000        0x0 src/systick.o
 .data          0x00802000        0x0 src/usb.o
 .data          0x00802000        0x0 src/watchdog.o
 .data          0x00802000        0x0 src/asf/common/services/clock/xmega/sysclk.o
 .data          0x00802000        0x0 src/asf/common/services/ioport/xmega/ioport_compat.o
 .data          0x00802000        0x0 src/asf/common/services/serial/usart_serial.o
 .data          0x00802000        0x0 src/asf/common/services/sleepmgr/xmega/sleepmgr.o
 .data          0x00802000        0x0 src/asf/xmega/drivers/adc/adc.o
 .data          0x00802000        0x0 src/asf/xmega/drivers/adc/xmega_bcd/adc_bcd.o
 .data          0x00802000        0x0 src/asf/xmega/drivers/cpu/ccp.o
 .data          0x00802000        0x0 src/asf/xmega/drivers/nvm/nvm.o
 .data          0x00802000        0x0 src/asf/xmega/drivers/nvm/nvm_asm.o
 .data          0x00802000        0x0 src/asf/xmega/drivers/tc/tc.o
 .data          0x00802000        0x0 src/asf/xmega/drivers/usart/usart.o
 .data          0x00802000        0x0 src/asf/xmega/drivers/wdt/wdt.o
 .data          0x00802000        0x0 src/asf/xmega/services/pwm/pwm.o
 .data          0x00802000        0x0 src/bluetooth.o
 .data          0x00802000        0x0 src/main.o
 .data          0x00802000        0x0 c:/program files (x86)/atmel/atmel toolchain/avr8 gcc/native/3.4.2.1002/avr8-gnu-toolchain/bin/../lib/gcc/avr/4.7.2/avrxmega4\libgcc.a(_mulsi3.o)
 .data          0x00802000        0x0 c:/program files (x86)/atmel/atmel toolchain/avr8 gcc/native/3.4.2.1002/avr8-gnu-toolchain/bin/../lib/gcc/avr/4.7.2/avrxmega4\libgcc.a(_divmodhi4.o)
 .data          0x00802000        0x0 c:/program files (x86)/atmel/atmel toolchain/avr8 gcc/native/3.4.2.1002/avr8-gnu-toolchain/bin/../lib/gcc/avr/4.7.2/avrxmega4\libgcc.a(_udivmodsi4.o)
 .data          0x00802000        0x0 c:/program files (x86)/atmel/atmel toolchain/avr8 gcc/native/3.4.2.1002/avr8-gnu-toolchain/bin/../lib/gcc/avr/4.7.2/avrxmega4\libgcc.a(_divmodsi4.o)
 .data          0x00802000        0x0 c:/program files (x86)/atmel/atmel toolchain/avr8 gcc/native/3.4.2.1002/avr8-gnu-toolchain/bin/../lib/gcc/avr/4.7.2/avrxmega4\libgcc.a(_exit.o)
 .data          0x00802000        0x0 c:/program files (x86)/atmel/atmel toolchain/avr8 gcc/native/3.4.2.1002/avr8-gnu-toolchain/bin/../lib/gcc/avr/4.7.2/avrxmega4\libgcc.a(_copy_data.o)
 .data          0x00802000        0x0 c:/program files (x86)/atmel/atmel toolchain/avr8 gcc/native/3.4.2.1002/avr8-gnu-toolchain/bin/../lib/gcc/avr/4.7.2/avrxmega4\libgcc.a(_clear_bss.o)
 .data          0x00802000        0x0 c:/program files (x86)/atmel/atmel toolchain/avr8 gcc/native/3.4.2.1002/avr8-gnu-toolchain/bin/../lib/gcc/avr/4.7.2/avrxmega4\libgcc.a(_muluhisi3.o)
 .data          0x00802000        0x0 c:/program files (x86)/atmel/atmel toolchain/avr8 gcc/native/3.4.2.1002/avr8-gnu-toolchain/bin/../lib/gcc/avr/4.7.2/avrxmega4\libgcc.a(_mulshisi3.o)
 .data          0x00802000        0x0 c:/program files (x86)/atmel/atmel toolchain/avr8 gcc/native/3.4.2.1002/avr8-gnu-toolchain/bin/../lib/gcc/avr/4.7.2/avrxmega4\libgcc.a(_udivmodhi4.o)
 .data          0x00802000        0x0 c:/program files (x86)/atmel/atmel toolchain/avr8 gcc/native/3.4.2.1002/avr8-gnu-toolchain/bin/../lib/gcc/avr/4.7.2/avrxmega4\libgcc.a(_umulhisi3.o)
 .data          0x00802000        0x0 c:/program files (x86)/atmel/atmel toolchain/avr8 gcc/native/3.4.2.1002/avr8-gnu-toolchain/bin/../lib/gcc/avr/4.7.2/../../../../avr/lib/avrxmega4\libc.a(memchr.o)
 .data          0x00802000        0x0 c:/program files (x86)/atmel/atmel toolchain/avr8 gcc/native/3.4.2.1002/avr8-gnu-toolchain/bin/../lib/gcc/avr/4.7.2/../../../../avr/lib/avrxmega4\libc.a(memcpy.o)
 .data          0x00802000        0x0 c:/program files (x86)/atmel/atmel toolchain/avr8 gcc/native/3.4.2.1002/avr8-gnu-toolchain/bin/../lib/gcc/avr/4.7.2/../../../../avr/lib/avrxmega4\libc.a(strcmp.o)
 .data          0x00802000        0x0 c:/program files (x86)/atmel/atmel toolchain/avr8 gcc/native/3.4.2.1002/avr8-gnu-toolchain/bin/../lib/gcc/avr/4.7.2/../../../../avr/lib/avrxmega4\libc.a(strlen.o)
 .data          0x00802000        0x0 c:/program files (x86)/atmel/atmel toolchain/avr8 gcc/native/3.4.2.1002/avr8-gnu-toolchain/bin/../lib/gcc/avr/4.7.2/../../../../avr/lib/avrxmega4\libc.a(itoa.o)
 .data          0x00802000        0x0 c:/program files (x86)/atmel/atmel toolchain/avr8 gcc/native/3.4.2.1002/avr8-gnu-toolchain/bin/../lib/gcc/avr/4.7.2/../../../../avr/lib/avrxmega4\libc.a(strrev.o)
 *(.data*)
 .data.center   0x00802000        0x4 src/bios.o
 .data.buttons  0x00802004       0x40 src/buttons.o
                0x00802004                buttons
 .data.center   0x00802044        0x4 src/configurations/gamepad.o
 .data.dpad_buttons
                0x00802048        0x1 src/configurations/gamepad.o
 .data.center   0x00802049        0x4 src/configurations/j_stick.o
 .data.dpad_buttons
                0x0080204d        0x1 src/configurations/j_stick.o
 .data.center   0x0080204e        0x4 src/configurations/keyboard.o
 .data.center   0x00802052        0x4 src/configurations/keyboard_mouse.o
 .data.joysticks
                0x00802056       0x1c src/joysticks.o
                0x00802056                joysticks
 .data.USART_SERIAL_OPTIONS.5073
                0x00802072        0x7 src/usb.o
 .data.modemResponseWatchdog
                0x00802079        0x2 src/watchdog.o
 .data.mainLoopWatchdog
                0x0080207b        0x2 src/watchdog.o
 *(.rodata)
 .rodata        0x0080207d        0x4 src/bios.o
 .rodata        0x00802081       0x10 src/configurations/keyboard_ios.o
 .rodata        0x00802091       0x59 src/comm.o
 .rodata        0x008020ea       0x1d src/configurations.o
 .rodata        0x00802107        0xa src/configurations/gamepad.o
 .rodata        0x00802111        0xa src/configurations/j_stick.o
 .rodata        0x0080211b       0x21 src/configurations/keyboard_mouse.o
 .rodata        0x0080213c        0x7 src/debug.o
 .rodata        0x00802143       0x19 src/usb.o
 .rodata        0x0080215c        0x2 src/watchdog.o
 .rodata        0x0080215e       0x94 src/bluetooth.o
 .rodata        0x008021f2       0x70 src/main.o
 *(.rodata*)
 .rodata.BATTERY_SAFE_THRESHOLD
                0x00802262        0x2 src/battery_charger.o
                0x00802262                BATTERY_SAFE_THRESHOLD
 .rodata.BATTERY_LOW_THRESHOLD
                0x00802264        0x2 src/battery_charger.o
                0x00802264                BATTERY_LOW_THRESHOLD
 .rodata.BATTERY_MED_THRESHOLD
                0x00802266        0x2 src/battery_charger.o
                0x00802266                BATTERY_MED_THRESHOLD
 .rodata.BATTERY_DEAD_INDICATOR
                0x00802268        0x1 src/battery_charger.o
                0x00802268                BATTERY_DEAD_INDICATOR
 .rodata.deadzone
                0x00802269        0x4 src/bios.o
 .rodata.COMMANDS
                0x0080226d       0x2c src/comm.o
                0x0080226d                COMMANDS
 .rodata.DRONE_GAMEPAD_CONFIG
                0x00802299       0xbd src/drone_gamepad_config.o
                0x00802299                DRONE_GAMEPAD_CONFIG
 .rodata.DEFAULT_HEADER
                0x00802356        0x8 src/drone_game_configurations.o
                0x00802356                DEFAULT_HEADER
 .rodata.DRONE_IOS_CONFIG
                0x0080235e       0xbd src/drone_ios_config.o
                0x0080235e                DRONE_IOS_CONFIG
 .rodata.DRONE_JOYSTICK_CONFIG
                0x0080241b       0xbd src/drone_joystick_config.o
                0x0080241b                DRONE_JOYSTICK_CONFIG
 .rodata.DRONE_KEYBOARD_CONFIG
                0x008024d8       0xbd src/drone_keyboard_config.o
                0x008024d8                DRONE_KEYBOARD_CONFIG
 .rodata.DRONE_KEYBOARD_MOUSE_CONFIG
                0x00802595       0xbd src/drone_keyboard_mouse_config.o
                0x00802595                DRONE_KEYBOARD_MOUSE_CONFIG
 *(.gnu.linkonce.d*)
                0x00802652                . = ALIGN (0x2)
                0x00802652                _edata = .
                0x00802652                PROVIDE (__data_end, .)

.bss            0x00802652      0x2bb
                0x00802652                PROVIDE (__bss_start, .)
 *(.bss)
 *(.bss*)
 .bss.analog_config
                0x00802652        0x6 src/analog.o
 .bss.analog_channel_config
                0x00802658        0x3 src/analog.o
 .bss.my_cc     0x0080265b        0x2 src/configurations/keyboard_ios.o
 .bss.ghTemp    0x0080265d        0x8 src/comm.o
 .bss.ccTemp    0x00802665       0xbd src/comm.o
 .bss.ghAddr    0x00802722        0x1 src/comm.o
 .bss.ccAddr    0x00802723        0x1 src/comm.o
 .bss.my_cc     0x00802724        0x2 src/configurations/gamepad.o
 .bss.pressed_buttons
                0x00802726        0x4 src/configurations/gamepad.o
 .bss.gamepad_buttonsLOW
                0x0080272a        0x4 src/configurations/gamepad.o
 .bss.gamepad_buttonsHIGH
                0x0080272e        0x4 src/configurations/gamepad.o
 .bss.delta     0x00802732        0x1 src/configurations/gamepad.o
                0x00802732                delta
 .bss.my_cc     0x00802733        0x2 src/configurations/j_stick.o
 .bss.pressed_buttons
                0x00802735        0x4 src/configurations/j_stick.o
 .bss.joystick_buttonsLOW
                0x00802739        0x1 src/configurations/j_stick.o
 .bss.joystick_buttonsHIGH
                0x0080273a        0x1 src/configurations/j_stick.o
 .bss.jdelta    0x0080273b        0x1 src/configurations/j_stick.o
                0x0080273b                jdelta
 .bss.my_cc     0x0080273c        0x2 src/configurations/keyboard.o
 .bss.pressed_buttons
                0x0080273e        0x4 src/configurations/keyboard.o
 .bss.state_x.5428
                0x00802742        0x2 src/configurations/keyboard.o
 .bss.state_y.5429
                0x00802744        0x2 src/configurations/keyboard.o
 .bss.my_cc     0x00802746        0x2 src/configurations/keyboard_mouse.o
 .bss.pressed_buttons
                0x00802748        0x4 src/configurations/keyboard_mouse.o
 .bss.mouse_buttons
                0x0080274c        0x1 src/configurations/keyboard_mouse.o
 .bss.mouse_timeout
                0x0080274d        0x8 src/configurations/keyboard_mouse.o
 .bss.state_x.5468
                0x00802755        0x2 src/configurations/keyboard_mouse.o
 .bss.state_y.5469
                0x00802757        0x2 src/configurations/keyboard_mouse.o
 .bss.last_mouse_buttons.5467
                0x00802759        0x1 src/configurations/keyboard_mouse.o
 .bss.pwm_cfg   0x0080275a       0x15 src/RGB_LED.o
 .bss.swapBlueGreen
                0x0080276f        0x1 src/RGB_LED.o
 .bss.bootloader
                0x00802770        0x2 src/shared.o
                0x00802770                bootloader
 .bss.system_time
                0x00802772        0x4 src/system_time.o
 .bss.rxBuffer  0x00802776       0x40 src/usb.o
 .bss.rxCB      0x008027b6        0x6 src/usb.o
 .bss.txBuffer  0x008027bc       0x20 src/usb.o
 .bss.txCB      0x008027dc        0x6 src/usb.o
 .bss.adca_enable_count
                0x008027e2        0x1 src/asf/xmega/drivers/adc/adc.o
 .bss.tc_tcc0_ovf_callback
                0x008027e3        0x2 src/asf/xmega/drivers/tc/tc.o
 .bss.tc_tcc0_err_callback
                0x008027e5        0x2 src/asf/xmega/drivers/tc/tc.o
 .bss.tc_tcc0_cca_callback
                0x008027e7        0x2 src/asf/xmega/drivers/tc/tc.o
 .bss.tc_tcc0_ccb_callback
                0x008027e9        0x2 src/asf/xmega/drivers/tc/tc.o
 .bss.tc_tcc0_ccc_callback
                0x008027eb        0x2 src/asf/xmega/drivers/tc/tc.o
 .bss.tc_tcc0_ccd_callback
                0x008027ed        0x2 src/asf/xmega/drivers/tc/tc.o
 .bss.tc_tcc1_ovf_callback
                0x008027ef        0x2 src/asf/xmega/drivers/tc/tc.o
 .bss.tc_tcc1_err_callback
                0x008027f1        0x2 src/asf/xmega/drivers/tc/tc.o
 .bss.tc_tcc1_cca_callback
                0x008027f3        0x2 src/asf/xmega/drivers/tc/tc.o
 .bss.tc_tcc1_ccb_callback
                0x008027f5        0x2 src/asf/xmega/drivers/tc/tc.o
 .bss.tc_tcd0_ovf_callback
                0x008027f7        0x2 src/asf/xmega/drivers/tc/tc.o
 .bss.tc_tcd0_err_callback
                0x008027f9        0x2 src/asf/xmega/drivers/tc/tc.o
 .bss.tc_tcd0_cca_callback
                0x008027fb        0x2 src/asf/xmega/drivers/tc/tc.o
 .bss.tc_tcd0_ccb_callback
                0x008027fd        0x2 src/asf/xmega/drivers/tc/tc.o
 .bss.tc_tcd0_ccc_callback
                0x008027ff        0x2 src/asf/xmega/drivers/tc/tc.o
 .bss.tc_tcd0_ccd_callback
                0x00802801        0x2 src/asf/xmega/drivers/tc/tc.o
 .bss.tc_tce0_ovf_callback
                0x00802803        0x2 src/asf/xmega/drivers/tc/tc.o
 .bss.tc_tce0_err_callback
                0x00802805        0x2 src/asf/xmega/drivers/tc/tc.o
 .bss.tc_tce0_cca_callback
                0x00802807        0x2 src/asf/xmega/drivers/tc/tc.o
 .bss.tc_tce0_ccb_callback
                0x00802809        0x2 src/asf/xmega/drivers/tc/tc.o
 .bss.tc_tce0_ccc_callback
                0x0080280b        0x2 src/asf/xmega/drivers/tc/tc.o
 .bss.tc_tce0_ccd_callback
                0x0080280d        0x2 src/asf/xmega/drivers/tc/tc.o
 .bss.tc_tcf0_ovf_callback
                0x0080280f        0x2 src/asf/xmega/drivers/tc/tc.o
 .bss.tc_tcf0_err_callback
                0x00802811        0x2 src/asf/xmega/drivers/tc/tc.o
 .bss.tc_tcf0_cca_callback
                0x00802813        0x2 src/asf/xmega/drivers/tc/tc.o
 .bss.tc_tcf0_ccb_callback
                0x00802815        0x2 src/asf/xmega/drivers/tc/tc.o
 .bss.tc_tcf0_ccc_callback
                0x00802817        0x2 src/asf/xmega/drivers/tc/tc.o
 .bss.tc_tcf0_ccd_callback
                0x00802819        0x2 src/asf/xmega/drivers/tc/tc.o
 .bss.button_handler_init
                0x0080281b        0x2 src/main.o
 .bss.button_handler
                0x0080281d        0x2 src/main.o
 .bss.joystick_handler
                0x0080281f        0x2 src/main.o
 .bss.wdtCheckCount.5659
                0x00802821        0x2 src/main.o
 *(COMMON)
 COMMON         0x00802823       0x10 src/bios.o
                0x00802823                global_header
                0x0080282b                biosUnused
 COMMON         0x00802833       0x14 src/configurations/gamepad.o
                0x00802833                report
                0x0080283d                prev_report
 COMMON         0x00802847        0x6 src/asf/common/services/sleepmgr/xmega/sleepmgr.o
                0x00802847                sleepmgr_locks
 COMMON         0x0080284d       0xc0 src/main.o
                0x0080284d                bios
                0x0080284e                turnedOn
                0x0080284f                pulse
                0x00802850                ccc
                0x0080290d                PROVIDE (__bss_end, .)
                0x00009384                __data_load_start = LOADADDR (.data)
                0x000099d6                __data_load_end = (__data_load_start + SIZEOF (.data))

.noinit         0x0080290d        0x0
                0x0080290d                PROVIDE (__noinit_start, .)
 *(.noinit*)
                0x0080290d                PROVIDE (__noinit_end, .)
                0x0080290d                _end = .
                0x0080290d                PROVIDE (__heap_start, .)

.eeprom         0x00810000        0x0
 *(.eeprom*)
                0x00810000                __eeprom_end = .

.fuse
 *(.fuse)
 *(.lfuse)
 *(.hfuse)
 *(.efuse)

.lock
 *(.lock*)

.signature
 *(.signature*)

.user_signatures
 *(.user_signatures*)

.stab           0x00000000      0xb94
 *(.stab)
 .stab          0x00000000      0x6cc c:/program files (x86)/atmel/atmel toolchain/avr8 gcc/native/3.4.2.1002/avr8-gnu-toolchain/bin/../lib/gcc/avr/4.7.2/../../../../avr/lib/avrxmega4/crtx64d3.o
 .stab          0x000006cc       0xb4 c:/program files (x86)/atmel/atmel toolchain/avr8 gcc/native/3.4.2.1002/avr8-gnu-toolchain/bin/../lib/gcc/avr/4.7.2/../../../../avr/lib/avrxmega4\libc.a(memchr.o)
                                 0xc0 (size before relaxing)
 .stab          0x00000780       0x84 c:/program files (x86)/atmel/atmel toolchain/avr8 gcc/native/3.4.2.1002/avr8-gnu-toolchain/bin/../lib/gcc/avr/4.7.2/../../../../avr/lib/avrxmega4\libc.a(memcpy.o)
                                 0x90 (size before relaxing)
 .stab          0x00000804       0x84 c:/program files (x86)/atmel/atmel toolchain/avr8 gcc/native/3.4.2.1002/avr8-gnu-toolchain/bin/../lib/gcc/avr/4.7.2/../../../../avr/lib/avrxmega4\libc.a(strcmp.o)
                                 0x90 (size before relaxing)
 .stab          0x00000888       0x84 c:/program files (x86)/atmel/atmel toolchain/avr8 gcc/native/3.4.2.1002/avr8-gnu-toolchain/bin/../lib/gcc/avr/4.7.2/../../../../avr/lib/avrxmega4\libc.a(strlen.o)
                                 0x90 (size before relaxing)
 .stab          0x0000090c      0x1b0 c:/program files (x86)/atmel/atmel toolchain/avr8 gcc/native/3.4.2.1002/avr8-gnu-toolchain/bin/../lib/gcc/avr/4.7.2/../../../../avr/lib/avrxmega4\libc.a(itoa.o)
                                0x1bc (size before relaxing)
 .stab          0x00000abc       0xd8 c:/program files (x86)/atmel/atmel toolchain/avr8 gcc/native/3.4.2.1002/avr8-gnu-toolchain/bin/../lib/gcc/avr/4.7.2/../../../../avr/lib/avrxmega4\libc.a(strrev.o)
                                 0xe4 (size before relaxing)

.stabstr        0x00000000      0x353
 *(.stabstr)
 .stabstr       0x00000000      0x353 c:/program files (x86)/atmel/atmel toolchain/avr8 gcc/native/3.4.2.1002/avr8-gnu-toolchain/bin/../lib/gcc/avr/4.7.2/../../../../avr/lib/avrxmega4/crtx64d3.o

.stab.excl
 *(.stab.excl)

.stab.exclstr
 *(.stab.exclstr)

.stab.index
 *(.stab.index)

.stab.indexstr
 *(.stab.indexstr)

.comment        0x00000000       0x2f
 *(.comment)
 .comment       0x00000000       0x2f src/analog.o
                                 0x30 (size before relaxing)
 .comment       0x00000000       0x30 src/asf/common/boards/user_board/init.o
 .comment       0x00000000       0x30 src/battery_charger.o
 .comment       0x00000000       0x30 src/bios.o
 .comment       0x00000000       0x30 src/buttons.o
 .comment       0x00000000       0x30 src/configurations/keyboard_ios.o
 .comment       0x00000000       0x30 src/circular_buffer.o
 .comment       0x00000000       0x30 src/comm.o
 .comment       0x00000000       0x30 src/configurations.o
 .comment       0x00000000       0x30 src/configurations/gamepad.o
 .comment       0x00000000       0x30 src/configurations/j_stick.o
 .comment       0x00000000       0x30 src/configurations/keyboard.o
 .comment       0x00000000       0x30 src/configurations/keyboard_mouse.o
 .comment       0x00000000       0x30 src/configurations/usb_serial.o
 .comment       0x00000000       0x30 src/debug.o
 .comment       0x00000000       0x30 src/drone_gamepad_config.o
 .comment       0x00000000       0x30 src/drone_game_configurations.o
 .comment       0x00000000       0x30 src/drone_ios_config.o
 .comment       0x00000000       0x30 src/drone_joystick_config.o
 .comment       0x00000000       0x30 src/drone_keyboard_config.o
 .comment       0x00000000       0x30 src/drone_keyboard_mouse_config.o
 .comment       0x00000000       0x30 src/joysticks.o
 .comment       0x00000000       0x30 src/powerControl.o
 .comment       0x00000000       0x30 src/RGB_LED.o
 .comment       0x00000000       0x30 src/shared.o
 .comment       0x00000000       0x30 src/strings.o
 .comment       0x00000000       0x30 src/system_time.o
 .comment       0x00000000       0x30 src/systick.o
 .comment       0x00000000       0x30 src/usb.o
 .comment       0x00000000       0x30 src/watchdog.o
 .comment       0x00000000       0x30 src/asf/common/services/clock/xmega/sysclk.o
 .comment       0x00000000       0x30 src/asf/common/services/ioport/xmega/ioport_compat.o
 .comment       0x00000000       0x30 src/asf/common/services/serial/usart_serial.o
 .comment       0x00000000       0x30 src/asf/common/services/sleepmgr/xmega/sleepmgr.o
 .comment       0x00000000       0x30 src/asf/xmega/drivers/adc/adc.o
 .comment       0x00000000       0x30 src/asf/xmega/drivers/adc/xmega_bcd/adc_bcd.o
 .comment       0x00000000       0x30 src/asf/xmega/drivers/nvm/nvm.o
 .comment       0x00000000       0x30 src/asf/xmega/drivers/tc/tc.o
 .comment       0x00000000       0x30 src/asf/xmega/drivers/usart/usart.o
 .comment       0x00000000       0x30 src/asf/xmega/drivers/wdt/wdt.o
 .comment       0x00000000       0x30 src/asf/xmega/services/pwm/pwm.o
 .comment       0x00000000       0x30 src/bluetooth.o
 .comment       0x00000000       0x30 src/main.o

.debug
 *(.debug)

.line
 *(.line)

.debug_srcinfo
 *(.debug_srcinfo)

.debug_sfnames
 *(.debug_sfnames)

.debug_aranges  0x00000000     0x10c0
 *(.debug_aranges)
 .debug_aranges
                0x00000000       0xc8 src/analog.o
 .debug_aranges
                0x000000c8       0x48 src/asf/common/boards/user_board/init.o
 .debug_aranges
                0x00000110       0x70 src/battery_charger.o
 .debug_aranges
                0x00000180       0x40 src/bios.o
 .debug_aranges
                0x000001c0       0x30 src/buttons.o
 .debug_aranges
                0x000001f0       0x30 src/configurations/keyboard_ios.o
 .debug_aranges
                0x00000220       0x68 src/circular_buffer.o
 .debug_aranges
                0x00000288       0xb8 src/comm.o
 .debug_aranges
                0x00000340       0x58 src/configurations.o
 .debug_aranges
                0x00000398       0x58 src/configurations/gamepad.o
 .debug_aranges
                0x000003f0       0x58 src/configurations/j_stick.o
 .debug_aranges
                0x00000448       0x40 src/configurations/keyboard.o
 .debug_aranges
                0x00000488       0x40 src/configurations/keyboard_mouse.o
 .debug_aranges
                0x000004c8       0x30 src/configurations/usb_serial.o
 .debug_aranges
                0x000004f8       0x48 src/debug.o
 .debug_aranges
                0x00000540       0x20 src/drone_gamepad_config.o
 .debug_aranges
                0x00000560       0x20 src/drone_game_configurations.o
 .debug_aranges
                0x00000580       0x20 src/drone_ios_config.o
 .debug_aranges
                0x000005a0       0x20 src/drone_joystick_config.o
 .debug_aranges
                0x000005c0       0x20 src/drone_keyboard_config.o
 .debug_aranges
                0x000005e0       0x20 src/drone_keyboard_mouse_config.o
 .debug_aranges
                0x00000600       0x38 src/joysticks.o
 .debug_aranges
                0x00000638       0x60 src/powerControl.o
 .debug_aranges
                0x00000698       0x58 src/RGB_LED.o
 .debug_aranges
                0x000006f0       0x28 src/shared.o
 .debug_aranges
                0x00000718       0x18 src/strings.o
 .debug_aranges
                0x00000730       0x60 src/system_time.o
 .debug_aranges
                0x00000790       0x78 src/systick.o
 .debug_aranges
                0x00000808       0xc8 src/usb.o
 .debug_aranges
                0x000008d0       0x48 src/watchdog.o
 .debug_aranges
                0x00000918       0x78 src/asf/common/services/clock/xmega/sysclk.o
 .debug_aranges
                0x00000990       0x28 src/asf/common/services/ioport/xmega/ioport_compat.o
 .debug_aranges
                0x000009b8       0x40 src/asf/common/services/serial/usart_serial.o
 .debug_aranges
                0x000009f8       0x18 src/asf/common/services/sleepmgr/xmega/sleepmgr.o
 .debug_aranges
                0x00000a10       0x68 src/asf/xmega/drivers/adc/adc.o
 .debug_aranges
                0x00000a78       0x60 src/asf/xmega/drivers/adc/xmega_bcd/adc_bcd.o
 .debug_aranges
                0x00000ad8       0x20 src/asf/xmega/drivers/cpu/ccp.o
 .debug_aranges
                0x00000af8      0x128 src/asf/xmega/drivers/nvm/nvm.o
 .debug_aranges
                0x00000c20       0x28 src/asf/xmega/drivers/nvm/nvm_asm.o
 .debug_aranges
                0x00000c48      0x160 src/asf/xmega/drivers/tc/tc.o
 .debug_aranges
                0x00000da8       0xc8 src/asf/xmega/drivers/usart/usart.o
 .debug_aranges
                0x00000e70       0x60 src/asf/xmega/drivers/wdt/wdt.o
 .debug_aranges
                0x00000ed0       0x90 src/asf/xmega/services/pwm/pwm.o
 .debug_aranges
                0x00000f60       0xd0 src/bluetooth.o
 .debug_aranges
                0x00001030       0x90 src/main.o

.debug_pubnames
 *(.debug_pubnames)

.debug_info     0x00000000    0x183d7
 *(.debug_info)
 .debug_info    0x00000000      0xfb2 src/analog.o
 .debug_info    0x00000fb2      0x70a src/asf/common/boards/user_board/init.o
 .debug_info    0x000016bc      0xc1d src/battery_charger.o
 .debug_info    0x000022d9      0xa42 src/bios.o
 .debug_info    0x00002d1b      0x711 src/buttons.o
 .debug_info    0x0000342c      0x6a9 src/configurations/keyboard_ios.o
 .debug_info    0x00003ad5      0x60b src/circular_buffer.o
 .debug_info    0x000040e0      0xee2 src/comm.o
 .debug_info    0x00004fc2      0x8dc src/configurations.o
 .debug_info    0x0000589e      0xb0c src/configurations/gamepad.o
 .debug_info    0x000063aa      0xb0c src/configurations/j_stick.o
 .debug_info    0x00006eb6      0xa3a src/configurations/keyboard.o
 .debug_info    0x000078f0      0xade src/configurations/keyboard_mouse.o
 .debug_info    0x000083ce      0x3fc src/configurations/usb_serial.o
 .debug_info    0x000087ca      0x60d src/debug.o
 .debug_info    0x00008dd7      0x654 src/drone_gamepad_config.o
 .debug_info    0x0000942b      0x458 src/drone_game_configurations.o
 .debug_info    0x00009883      0x654 src/drone_ios_config.o
 .debug_info    0x00009ed7      0x654 src/drone_joystick_config.o
 .debug_info    0x0000a52b      0x686 src/drone_keyboard_config.o
 .debug_info    0x0000abb1      0x6ab src/drone_keyboard_mouse_config.o
 .debug_info    0x0000b25c      0x808 src/joysticks.o
 .debug_info    0x0000ba64      0x893 src/powerControl.o
 .debug_info    0x0000c2f7     0x10ae src/RGB_LED.o
 .debug_info    0x0000d3a5      0x36c src/shared.o
 .debug_info    0x0000d711      0x681 src/strings.o
 .debug_info    0x0000dd92      0x4b7 src/system_time.o
 .debug_info    0x0000e249     0x101f src/systick.o
 .debug_info    0x0000f268      0xd30 src/usb.o
 .debug_info    0x0000ff98      0x426 src/watchdog.o
 .debug_info    0x000103be      0x588 src/asf/common/services/clock/xmega/sysclk.o
 .debug_info    0x00010946      0x19d src/asf/common/services/ioport/xmega/ioport_compat.o
 .debug_info    0x00010ae3      0x3b4 src/asf/common/services/serial/usart_serial.o
 .debug_info    0x00010e97      0x133 src/asf/common/services/sleepmgr/xmega/sleepmgr.o
 .debug_info    0x00010fca      0x7c2 src/asf/xmega/drivers/adc/adc.o
 .debug_info    0x0001178c      0x9ff src/asf/xmega/drivers/adc/xmega_bcd/adc_bcd.o
 .debug_info    0x0001218b       0x82 src/asf/xmega/drivers/cpu/ccp.o
 .debug_info    0x0001220d      0xb59 src/asf/xmega/drivers/nvm/nvm.o
 .debug_info    0x00012d66       0x82 src/asf/xmega/drivers/nvm/nvm_asm.o
 .debug_info    0x00012de8     0x1416 src/asf/xmega/drivers/tc/tc.o
 .debug_info    0x000141fe      0xc1a src/asf/xmega/drivers/usart/usart.o
 .debug_info    0x00014e18      0x3a1 src/asf/xmega/drivers/wdt/wdt.o
 .debug_info    0x000151b9     0x1440 src/asf/xmega/services/pwm/pwm.o
 .debug_info    0x000165f9      0xbd8 src/bluetooth.o
 .debug_info    0x000171d1     0x1206 src/main.o
 *(.gnu.linkonce.wi.*)

.debug_abbrev   0x00000000     0x550b
 *(.debug_abbrev)
 .debug_abbrev  0x00000000      0x38d src/analog.o
 .debug_abbrev  0x0000038d      0x1cd src/asf/common/boards/user_board/init.o
 .debug_abbrev  0x0000055a      0x31e src/battery_charger.o
 .debug_abbrev  0x00000878      0x22a src/bios.o
 .debug_abbrev  0x00000aa2      0x208 src/buttons.o
 .debug_abbrev  0x00000caa      0x19b src/configurations/keyboard_ios.o
 .debug_abbrev  0x00000e45      0x1c5 src/circular_buffer.o
 .debug_abbrev  0x0000100a      0x371 src/comm.o
 .debug_abbrev  0x0000137b      0x1e8 src/configurations.o
 .debug_abbrev  0x00001563      0x1ef src/configurations/gamepad.o
 .debug_abbrev  0x00001752      0x1ef src/configurations/j_stick.o
 .debug_abbrev  0x00001941      0x1aa src/configurations/keyboard.o
 .debug_abbrev  0x00001aeb      0x1fa src/configurations/keyboard_mouse.o
 .debug_abbrev  0x00001ce5      0x17e src/configurations/usb_serial.o
 .debug_abbrev  0x00001e63      0x1d2 src/debug.o
 .debug_abbrev  0x00002035      0x15c src/drone_gamepad_config.o
 .debug_abbrev  0x00002191      0x164 src/drone_game_configurations.o
 .debug_abbrev  0x000022f5      0x15c src/drone_ios_config.o
 .debug_abbrev  0x00002451      0x15c src/drone_joystick_config.o
 .debug_abbrev  0x000025ad      0x15c src/drone_keyboard_config.o
 .debug_abbrev  0x00002709      0x15c src/drone_keyboard_mouse_config.o
 .debug_abbrev  0x00002865      0x1ac src/joysticks.o
 .debug_abbrev  0x00002a11      0x273 src/powerControl.o
 .debug_abbrev  0x00002c84      0x231 src/RGB_LED.o
 .debug_abbrev  0x00002eb5      0x15d src/shared.o
 .debug_abbrev  0x00003012       0x64 src/strings.o
 .debug_abbrev  0x00003076      0x1d0 src/system_time.o
 .debug_abbrev  0x00003246      0x1f5 src/systick.o
 .debug_abbrev  0x0000343b      0x2b1 src/usb.o
 .debug_abbrev  0x000036ec      0x15d src/watchdog.o
 .debug_abbrev  0x00003849      0x1f6 src/asf/common/services/clock/xmega/sysclk.o
 .debug_abbrev  0x00003a3f       0xf4 src/asf/common/services/ioport/xmega/ioport_compat.o
 .debug_abbrev  0x00003b33      0x193 src/asf/common/services/serial/usart_serial.o
 .debug_abbrev  0x00003cc6       0x78 src/asf/common/services/sleepmgr/xmega/sleepmgr.o
 .debug_abbrev  0x00003d3e      0x225 src/asf/xmega/drivers/adc/adc.o
 .debug_abbrev  0x00003f63      0x303 src/asf/xmega/drivers/adc/xmega_bcd/adc_bcd.o
 .debug_abbrev  0x00004266       0x14 src/asf/xmega/drivers/cpu/ccp.o
 .debug_abbrev  0x0000427a      0x2e0 src/asf/xmega/drivers/nvm/nvm.o
 .debug_abbrev  0x0000455a       0x12 src/asf/xmega/drivers/nvm/nvm_asm.o
 .debug_abbrev  0x0000456c      0x25f src/asf/xmega/drivers/tc/tc.o
 .debug_abbrev  0x000047cb      0x312 src/asf/xmega/drivers/usart/usart.o
 .debug_abbrev  0x00004add      0x12f src/asf/xmega/drivers/wdt/wdt.o
 .debug_abbrev  0x00004c0c      0x299 src/asf/xmega/services/pwm/pwm.o
 .debug_abbrev  0x00004ea5      0x2af src/bluetooth.o
 .debug_abbrev  0x00005154      0x3b7 src/main.o

.debug_line     0x00000000    0x1ba67
 *(.debug_line)
 .debug_line    0x00000000      0xd11 src/analog.o
 .debug_line    0x00000d11      0x896 src/asf/common/boards/user_board/init.o
 .debug_line    0x000015a7      0xc0d src/battery_charger.o
 .debug_line    0x000021b4      0xb99 src/bios.o
 .debug_line    0x00002d4d      0x905 src/buttons.o
 .debug_line    0x00003652      0xa00 src/configurations/keyboard_ios.o
 .debug_line    0x00004052      0xb2b src/circular_buffer.o
 .debug_line    0x00004b7d      0xe7e src/comm.o
 .debug_line    0x000059fb      0xb4a src/configurations.o
 .debug_line    0x00006545      0xd16 src/configurations/gamepad.o
 .debug_line    0x0000725b      0xd16 src/configurations/j_stick.o
 .debug_line    0x00007f71      0xc29 src/configurations/keyboard.o
 .debug_line    0x00008b9a      0xd34 src/configurations/keyboard_mouse.o
 .debug_line    0x000098ce      0x953 src/configurations/usb_serial.o
 .debug_line    0x0000a221      0x98f src/debug.o
 .debug_line    0x0000abb0      0x8fb src/drone_gamepad_config.o
 .debug_line    0x0000b4ab      0x8f4 src/drone_game_configurations.o
 .debug_line    0x0000bd9f      0x8eb src/drone_ios_config.o
 .debug_line    0x0000c68a      0x8fc src/drone_joystick_config.o
 .debug_line    0x0000cf86      0x8f0 src/drone_keyboard_config.o
 .debug_line    0x0000d876      0x8f6 src/drone_keyboard_mouse_config.o
 .debug_line    0x0000e16c      0xa92 src/joysticks.o
 .debug_line    0x0000ebfe      0xb1b src/powerControl.o
 .debug_line    0x0000f719      0xa7c src/RGB_LED.o
 .debug_line    0x00010195      0x8a2 src/shared.o
 .debug_line    0x00010a37      0x271 src/strings.o
 .debug_line    0x00010ca8      0x9fd src/system_time.o
 .debug_line    0x000116a5      0xa37 src/systick.o
 .debug_line    0x000120dc      0xc98 src/usb.o
 .debug_line    0x00012d74      0x980 src/watchdog.o
 .debug_line    0x000136f4      0x7a2 src/asf/common/services/clock/xmega/sysclk.o
 .debug_line    0x00013e96      0x505 src/asf/common/services/ioport/xmega/ioport_compat.o
 .debug_line    0x0001439b      0x73f src/asf/common/services/serial/usart_serial.o
 .debug_line    0x00014ada      0x47b src/asf/common/services/sleepmgr/xmega/sleepmgr.o
 .debug_line    0x00014f55      0x844 src/asf/xmega/drivers/adc/adc.o
 .debug_line    0x00015799      0x92f src/asf/xmega/drivers/adc/xmega_bcd/adc_bcd.o
 .debug_line    0x000160c8       0x6e src/asf/xmega/drivers/cpu/ccp.o
 .debug_line    0x00016136      0xc96 src/asf/xmega/drivers/nvm/nvm.o
 .debug_line    0x00016dcc      0x11f src/asf/xmega/drivers/nvm/nvm_asm.o
 .debug_line    0x00016eeb      0xe6c src/asf/xmega/drivers/tc/tc.o
 .debug_line    0x00017d57      0xb13 src/asf/xmega/drivers/usart/usart.o
 .debug_line    0x0001886a      0x5e2 src/asf/xmega/drivers/wdt/wdt.o
 .debug_line    0x00018e4c      0xc5a src/asf/xmega/services/pwm/pwm.o
 .debug_line    0x00019aa6      0xd90 src/bluetooth.o
 .debug_line    0x0001a836     0x1231 src/main.o

.debug_frame    0x00000000     0x3e88
 *(.debug_frame)
 .debug_frame   0x00000000      0x2d4 src/analog.o
 .debug_frame   0x000002d4       0xd4 src/asf/common/boards/user_board/init.o
 .debug_frame   0x000003a8      0x1ac src/battery_charger.o
 .debug_frame   0x00000554       0xb0 src/bios.o
 .debug_frame   0x00000604       0x74 src/buttons.o
 .debug_frame   0x00000678       0x74 src/configurations/keyboard_ios.o
 .debug_frame   0x000006ec      0x154 src/circular_buffer.o
 .debug_frame   0x00000840      0x2a4 src/comm.o
 .debug_frame   0x00000ae4      0x114 src/configurations.o
 .debug_frame   0x00000bf8      0x128 src/configurations/gamepad.o
 .debug_frame   0x00000d20      0x128 src/configurations/j_stick.o
 .debug_frame   0x00000e48       0xc8 src/configurations/keyboard.o
 .debug_frame   0x00000f10       0xc8 src/configurations/keyboard_mouse.o
 .debug_frame   0x00000fd8       0x74 src/configurations/usb_serial.o
 .debug_frame   0x0000104c       0xdc src/debug.o
 .debug_frame   0x00001128       0x34 src/drone_gamepad_config.o
 .debug_frame   0x0000115c       0x34 src/drone_game_configurations.o
 .debug_frame   0x00001190       0x34 src/drone_ios_config.o
 .debug_frame   0x000011c4       0x34 src/drone_joystick_config.o
 .debug_frame   0x000011f8       0x34 src/drone_keyboard_config.o
 .debug_frame   0x0000122c       0x34 src/drone_keyboard_mouse_config.o
 .debug_frame   0x00001260       0x94 src/joysticks.o
 .debug_frame   0x000012f4      0x138 src/powerControl.o
 .debug_frame   0x0000142c      0x114 src/RGB_LED.o
 .debug_frame   0x00001540       0x7c src/shared.o
 .debug_frame   0x000015bc      0x134 src/system_time.o
 .debug_frame   0x000016f0      0x194 src/systick.o
 .debug_frame   0x00001884      0x364 src/usb.o
 .debug_frame   0x00001be8       0xd4 src/watchdog.o
 .debug_frame   0x00001cbc      0x194 src/asf/common/services/clock/xmega/sysclk.o
 .debug_frame   0x00001e50       0x54 src/asf/common/services/ioport/xmega/ioport_compat.o
 .debug_frame   0x00001ea4       0xb4 src/asf/common/services/serial/usart_serial.o
 .debug_frame   0x00001f58      0x154 src/asf/xmega/drivers/adc/adc.o
 .debug_frame   0x000020ac      0x134 src/asf/xmega/drivers/adc/xmega_bcd/adc_bcd.o
 .debug_frame   0x000021e0      0x47c src/asf/xmega/drivers/nvm/nvm.o
 .debug_frame   0x0000265c      0xca4 src/asf/xmega/drivers/tc/tc.o
 .debug_frame   0x00003300      0x320 src/asf/xmega/drivers/usart/usart.o
 .debug_frame   0x00003620      0x134 src/asf/xmega/drivers/wdt/wdt.o
 .debug_frame   0x00003754      0x1f4 src/asf/xmega/services/pwm/pwm.o
 .debug_frame   0x00003948      0x2ec src/bluetooth.o
 .debug_frame   0x00003c34      0x254 src/main.o

.debug_str      0x00000000    0x20b0f
 *(.debug_str)
 .debug_str     0x00000000    0x1bba4 src/analog.o
                              0x1c26a (size before relaxing)
 .debug_str     0x0001bba4      0x233 src/asf/common/boards/user_board/init.o
                              0x19ce4 (size before relaxing)
 .debug_str     0x0001bdd7      0x480 src/battery_charger.o
                              0x1bc4e (size before relaxing)
 .debug_str     0x0001c257      0x450 src/bios.o
                              0x1beac (size before relaxing)
 .debug_str     0x0001c6a7       0x8c src/buttons.o
                              0x1b5ef (size before relaxing)
 .debug_str     0x0001c733       0x6c src/configurations/keyboard_ios.o
                              0x1b64b (size before relaxing)
 .debug_str     0x0001c79f       0xee src/circular_buffer.o
                              0x1b479 (size before relaxing)
 .debug_str     0x0001c88d      0x29c src/comm.o
                              0x1bd27 (size before relaxing)
 .debug_str     0x0001cb29      0x3f9 src/configurations.o
                              0x1bbdc (size before relaxing)
 .debug_str     0x0001cf22      0x481 src/configurations/gamepad.o
                              0x1bfa6 (size before relaxing)
 .debug_str     0x0001d3a3      0x194 src/configurations/j_stick.o
                              0x1bf99 (size before relaxing)
 .debug_str     0x0001d537      0x23b src/configurations/keyboard.o
                              0x1bd62 (size before relaxing)
 .debug_str     0x0001d772      0x122 src/configurations/keyboard_mouse.o
                              0x1bf78 (size before relaxing)
 .debug_str     0x0001d894       0x57 src/configurations/usb_serial.o
                              0x1b5d5 (size before relaxing)
 .debug_str     0x0001d8eb      0x2f1 src/debug.o
                              0x1b729 (size before relaxing)
 .debug_str     0x0001dbdc      0x10f src/drone_gamepad_config.o
                              0x1b821 (size before relaxing)
 .debug_str     0x0001dceb       0x23 src/drone_game_configurations.o
                              0x1b524 (size before relaxing)
 .debug_str     0x0001dd0e       0x1a src/drone_ios_config.o
                              0x1b65e (size before relaxing)
 .debug_str     0x0001dd28       0x1f src/drone_joystick_config.o
                              0x1b823 (size before relaxing)
 .debug_str     0x0001dd47       0x1f src/drone_keyboard_config.o
                              0x1b6c9 (size before relaxing)
 .debug_str     0x0001dd66       0x7c src/drone_keyboard_mouse_config.o
                              0x1b72c (size before relaxing)
 .debug_str     0x0001dde2       0x54 src/joysticks.o
                              0x1b92e (size before relaxing)
 .debug_str     0x0001de36       0x84 src/powerControl.o
                              0x1b7d7 (size before relaxing)
 .debug_str     0x0001deba      0x469 src/RGB_LED.o
                              0x1b939 (size before relaxing)
 .debug_str     0x0001e323       0x39 src/shared.o
                              0x1b382 (size before relaxing)
 .debug_str     0x0001e35c      0x2bd src/strings.o
                              0x1269b (size before relaxing)
 .debug_str     0x0001e619       0x87 src/system_time.o
                              0x1b428 (size before relaxing)
 .debug_str     0x0001e6a0      0x1b8 src/systick.o
                              0x1b81e (size before relaxing)
 .debug_str     0x0001e858      0x19b src/usb.o
                              0x1bb61 (size before relaxing)
 .debug_str     0x0001e9f3      0x1f4 src/watchdog.o
                              0x1b5cb (size before relaxing)
 .debug_str     0x0001ebe7      0x163 src/asf/common/services/clock/xmega/sysclk.o
                              0x1a5f8 (size before relaxing)
 .debug_str     0x0001ed4a       0x77 src/asf/common/services/ioport/xmega/ioport_compat.o
                              0x18e55 (size before relaxing)
 .debug_str     0x0001edc1      0x16a src/asf/common/services/serial/usart_serial.o
                              0x1a599 (size before relaxing)
 .debug_str     0x0001ef2b       0xb3 src/asf/common/services/sleepmgr/xmega/sleepmgr.o
                              0x18c4a (size before relaxing)
 .debug_str     0x0001efde       0xa6 src/asf/xmega/drivers/adc/adc.o
                              0x1b05e (size before relaxing)
 .debug_str     0x0001f084      0x3e5 src/asf/xmega/drivers/adc/xmega_bcd/adc_bcd.o
                              0x1b1f6 (size before relaxing)
 .debug_str     0x0001f469      0x519 src/asf/xmega/drivers/nvm/nvm.o
                              0x1925e (size before relaxing)
 .debug_str     0x0001f982      0x49a src/asf/xmega/drivers/tc/tc.o
                              0x1b0d9 (size before relaxing)
 .debug_str     0x0001fe1c      0x2a5 src/asf/xmega/drivers/usart/usart.o
                              0x1ac64 (size before relaxing)
 .debug_str     0x000200c1      0x3b3 src/asf/xmega/drivers/wdt/wdt.o
                              0x18cbc (size before relaxing)
 .debug_str     0x00020474       0xa2 src/asf/xmega/services/pwm/pwm.o
                              0x1bc20 (size before relaxing)
 .debug_str     0x00020516      0x24e src/bluetooth.o
                              0x1ba66 (size before relaxing)
 .debug_str     0x00020764      0x3ab src/main.o
                              0x1cc2e (size before relaxing)

.debug_loc      0x00000000     0x837a
 *(.debug_loc)
 .debug_loc     0x00000000      0x5de src/analog.o
 .debug_loc     0x000005de      0x193 src/asf/common/boards/user_board/init.o
 .debug_loc     0x00000771      0x375 src/battery_charger.o
 .debug_loc     0x00000ae6      0x12c src/bios.o